Archive member included to satisfy reference by file (symbol)

C:/ST/STM32CubeIDE_1.17.0/STM32CubeIDE/plugins/com.st.stm32cube.ide.mcu.externaltools.gnu-tools-for-stm32.12.3.rel1.win32_1.1.0.202410251130/tools/bin/../lib/gcc/arm-none-eabi/12.3.1/../../../../arm-none-eabi/lib/thumb/v7e-m+fp/hard\libc_nano.a(libc_a-exit.o)
                              C:/ST/STM32CubeIDE_1.17.0/STM32CubeIDE/plugins/com.st.stm32cube.ide.mcu.externaltools.gnu-tools-for-stm32.12.3.rel1.win32_1.1.0.202410251130/tools/bin/../lib/gcc/arm-none-eabi/12.3.1/../../../../arm-none-eabi/lib/thumb/v7e-m+fp/hard/crt0.o (exit)
C:/ST/STM32CubeIDE_1.17.0/STM32CubeIDE/plugins/com.st.stm32cube.ide.mcu.externaltools.gnu-tools-for-stm32.12.3.rel1.win32_1.1.0.202410251130/tools/bin/../lib/gcc/arm-none-eabi/12.3.1/../../../../arm-none-eabi/lib/thumb/v7e-m+fp/hard\libc_nano.a(libc_a-nano-vfprintf_float.o)
                              (_printf_float)
C:/ST/STM32CubeIDE_1.17.0/STM32CubeIDE/plugins/com.st.stm32cube.ide.mcu.externaltools.gnu-tools-for-stm32.12.3.rel1.win32_1.1.0.202410251130/tools/bin/../lib/gcc/arm-none-eabi/12.3.1/../../../../arm-none-eabi/lib/thumb/v7e-m+fp/hard\libc_nano.a(libc_a-nano-vfprintf_i.o)
                              C:/ST/STM32CubeIDE_1.17.0/STM32CubeIDE/plugins/com.st.stm32cube.ide.mcu.externaltools.gnu-tools-for-stm32.12.3.rel1.win32_1.1.0.202410251130/tools/bin/../lib/gcc/arm-none-eabi/12.3.1/../../../../arm-none-eabi/lib/thumb/v7e-m+fp/hard\libc_nano.a(libc_a-nano-vfprintf_float.o) (_printf_common)
C:/ST/STM32CubeIDE_1.17.0/STM32CubeIDE/plugins/com.st.stm32cube.ide.mcu.externaltools.gnu-tools-for-stm32.12.3.rel1.win32_1.1.0.202410251130/tools/bin/../lib/gcc/arm-none-eabi/12.3.1/../../../../arm-none-eabi/lib/thumb/v7e-m+fp/hard\libc_nano.a(libc_a-findfp.o)
                              C:/ST/STM32CubeIDE_1.17.0/STM32CubeIDE/plugins/com.st.stm32cube.ide.mcu.externaltools.gnu-tools-for-stm32.12.3.rel1.win32_1.1.0.202410251130/tools/bin/../lib/gcc/arm-none-eabi/12.3.1/../../../../arm-none-eabi/lib/thumb/v7e-m+fp/hard\libc_nano.a(libc_a-exit.o) (__stdio_exit_handler)
C:/ST/STM32CubeIDE_1.17.0/STM32CubeIDE/plugins/com.st.stm32cube.ide.mcu.externaltools.gnu-tools-for-stm32.12.3.rel1.win32_1.1.0.202410251130/tools/bin/../lib/gcc/arm-none-eabi/12.3.1/../../../../arm-none-eabi/lib/thumb/v7e-m+fp/hard\libc_nano.a(libc_a-fwalk.o)
                              C:/ST/STM32CubeIDE_1.17.0/STM32CubeIDE/plugins/com.st.stm32cube.ide.mcu.externaltools.gnu-tools-for-stm32.12.3.rel1.win32_1.1.0.202410251130/tools/bin/../lib/gcc/arm-none-eabi/12.3.1/../../../../arm-none-eabi/lib/thumb/v7e-m+fp/hard\libc_nano.a(libc_a-findfp.o) (_fwalk_sglue)
C:/ST/STM32CubeIDE_1.17.0/STM32CubeIDE/plugins/com.st.stm32cube.ide.mcu.externaltools.gnu-tools-for-stm32.12.3.rel1.win32_1.1.0.202410251130/tools/bin/../lib/gcc/arm-none-eabi/12.3.1/../../../../arm-none-eabi/lib/thumb/v7e-m+fp/hard\libc_nano.a(libc_a-printf.o)
                              ./Core/Src/main.o (printf)
C:/ST/STM32CubeIDE_1.17.0/STM32CubeIDE/plugins/com.st.stm32cube.ide.mcu.externaltools.gnu-tools-for-stm32.12.3.rel1.win32_1.1.0.202410251130/tools/bin/../lib/gcc/arm-none-eabi/12.3.1/../../../../arm-none-eabi/lib/thumb/v7e-m+fp/hard\libc_nano.a(libc_a-puts.o)
                              ./Core/Src/main.o (puts)
C:/ST/STM32CubeIDE_1.17.0/STM32CubeIDE/plugins/com.st.stm32cube.ide.mcu.externaltools.gnu-tools-for-stm32.12.3.rel1.win32_1.1.0.202410251130/tools/bin/../lib/gcc/arm-none-eabi/12.3.1/../../../../arm-none-eabi/lib/thumb/v7e-m+fp/hard\libc_nano.a(libc_a-stdio.o)
                              C:/ST/STM32CubeIDE_1.17.0/STM32CubeIDE/plugins/com.st.stm32cube.ide.mcu.externaltools.gnu-tools-for-stm32.12.3.rel1.win32_1.1.0.202410251130/tools/bin/../lib/gcc/arm-none-eabi/12.3.1/../../../../arm-none-eabi/lib/thumb/v7e-m+fp/hard\libc_nano.a(libc_a-findfp.o) (__sread)
C:/ST/STM32CubeIDE_1.17.0/STM32CubeIDE/plugins/com.st.stm32cube.ide.mcu.externaltools.gnu-tools-for-stm32.12.3.rel1.win32_1.1.0.202410251130/tools/bin/../lib/gcc/arm-none-eabi/12.3.1/../../../../arm-none-eabi/lib/thumb/v7e-m+fp/hard\libc_nano.a(libc_a-wbuf.o)
                              C:/ST/STM32CubeIDE_1.17.0/STM32CubeIDE/plugins/com.st.stm32cube.ide.mcu.externaltools.gnu-tools-for-stm32.12.3.rel1.win32_1.1.0.202410251130/tools/bin/../lib/gcc/arm-none-eabi/12.3.1/../../../../arm-none-eabi/lib/thumb/v7e-m+fp/hard\libc_nano.a(libc_a-puts.o) (__swbuf_r)
C:/ST/STM32CubeIDE_1.17.0/STM32CubeIDE/plugins/com.st.stm32cube.ide.mcu.externaltools.gnu-tools-for-stm32.12.3.rel1.win32_1.1.0.202410251130/tools/bin/../lib/gcc/arm-none-eabi/12.3.1/../../../../arm-none-eabi/lib/thumb/v7e-m+fp/hard\libc_nano.a(libc_a-wsetup.o)
                              C:/ST/STM32CubeIDE_1.17.0/STM32CubeIDE/plugins/com.st.stm32cube.ide.mcu.externaltools.gnu-tools-for-stm32.12.3.rel1.win32_1.1.0.202410251130/tools/bin/../lib/gcc/arm-none-eabi/12.3.1/../../../../arm-none-eabi/lib/thumb/v7e-m+fp/hard\libc_nano.a(libc_a-puts.o) (__swsetup_r)
[...]
Memory Configuration

Name             Origin             Length             Attributes
RAM              0x20000000         0x00050000         xrw
FLASH            0x08000000         0x00100000         xr
*default*        0x00000000         0xffffffff

Linker script and memory map

LOAD C:/ST/STM32CubeIDE_1.17.0/STM32CubeIDE/plugins/com.st.stm32cube.ide.mcu.externaltools.gnu-tools-for-stm32.12.3.rel1.win32_1.1.0.202410251130/tools/bin/../lib/gcc/arm-none-eabi/12.3.1/thumb/v7e-m+fp/hard/crti.o
LOAD C:/ST/STM32CubeIDE_1.17.0/STM32CubeIDE/plugins/com.st.stm32cube.ide.mcu.externaltools.gnu-tools-for-stm32.12.3.rel1.win32_1.1.0.202410251130/tools/bin/../lib/gcc/arm-none-eabi/12.3.1/thumb/v7e-m+fp/hard/crtbegin.o
LOAD C:/ST/STM32CubeIDE_1.17.0/STM32CubeIDE/plugins/com.st.stm32cube.ide.mcu.externaltools.gnu-tools-for-stm32.12.3.rel1.win32_1.1.0.202410251130/tools/bin/../lib/gcc/arm-none-eabi/12.3.1/../../../../arm-none-eabi/lib/thumb/v7e-m+fp/hard/crt0.o
LOAD ./Core/Src/crc.o
LOAD ./Core/Src/dma.o
LOAD ./Core/Src/gpio.o
LOAD ./Core/Src/main.o
LOAD ./Core/Src/sai.o
LOAD ./Core/Src/sdmmc.o
LOAD ./Core/Src/stm32f7xx_hal_msp.o
LOAD ./Core/Src/stm32f7xx_it.o
LOAD ./Core/Src/syscalls.o
LOAD ./Core/Src/sysmem.o
LOAD ./Core/Src/system_stm32f7xx.o
LOAD ./Core/Src/usart.o
LOAD ./Core/Startup/startup_stm32f746nghx.o
LOAD ./Drivers/BSP/Components/adv7533/adv7533.o
LOAD ./Drivers/BSP/Components/dp83848/dp83848.o
LOAD ./Drivers/BSP/Components/exc7200/exc7200.o
LOAD ./Drivers/BSP/Components/ft3x67/ft3x67.o
LOAD ./Drivers/BSP/Components/ft5336/ft5336.o
LOAD ./Drivers/BSP/Components/ft6x06/ft6x06.o
LOAD ./Drivers/BSP/Components/lan8742/lan8742.o
LOAD ./Drivers/BSP/Components/mfxstm32l152/mfxstm32l152.o
LOAD ./Drivers/BSP/Components/nt35510/nt35510.o
LOAD ./Drivers/BSP/Components/otm8009a/otm8009a.o
LOAD ./Drivers/BSP/Components/ov5640/ov5640.o
LOAD ./Drivers/BSP/Components/ov9655/ov9655.o
LOAD ./Drivers/BSP/Components/s5k5cag/s5k5cag.o
LOAD ./Drivers/BSP/Components/st7735/st7735.o
LOAD ./Drivers/BSP/Components/st7789h2/st7789h2.o
LOAD ./Drivers/BSP/Components/stmpe811/stmpe811.o
LOAD ./Drivers/BSP/Components/ts3510/ts3510.o
LOAD ./Drivers/BSP/Components/wm8994/wm8994.o
LOAD ./Drivers/BSP/STM32746G-Discovery/stm32746g_discovery.o
LOAD ./Drivers/BSP/STM32746G-Discovery/stm32746g_discovery_audio.o
LOAD ./Drivers/STM32F7xx_HAL_Driver/Src/stm32f7xx_hal.o
LOAD ./Drivers/STM32F7xx_HAL_Driver/Src/stm32f7xx_hal_cortex.o
LOAD ./Drivers/STM32F7xx_HAL_Driver/Src/stm32f7xx_hal_crc.o
LOAD ./Drivers/STM32F7xx_HAL_Driver/Src/stm32f7xx_hal_crc_ex.o
LOAD ./Drivers/STM32F7xx_HAL_Driver/Src/stm32f7xx_hal_dma.o
LOAD ./Drivers/STM32F7xx_HAL_Driver/Src/stm32f7xx_hal_dma_ex.o
LOAD ./Drivers/STM32F7xx_HAL_Driver/Src/stm32f7xx_hal_exti.o
LOAD ./Drivers/STM32F7xx_HAL_Driver/Src/stm32f7xx_hal_flash.o
LOAD ./Drivers/STM32F7xx_HAL_Driver/Src/stm32f7xx_hal_flash_ex.o
LOAD ./Drivers/STM32F7xx_HAL_Driver/Src/stm32f7xx_hal_gpio.o
LOAD ./Drivers/STM32F7xx_HAL_Driver/Src/stm32f7xx_hal_i2c.o
LOAD ./Drivers/STM32F7xx_HAL_Driver/Src/stm32f7xx_hal_i2c_ex.o
LOAD ./Drivers/STM32F7xx_HAL_Driver/Src/stm32f7xx_hal_mmc.o
LOAD ./Drivers/STM32F7xx_HAL_Driver/Src/stm32f7xx_hal_pwr.o
LOAD ./Drivers/STM32F7xx_HAL_Driver/Src/stm32f7xx_hal_pwr_ex.o
LOAD ./Drivers/STM32F7xx_HAL_Driver/Src/stm32f7xx_hal_rcc.o
LOAD ./Drivers/STM32F7xx_HAL_Driver/Src/stm32f7xx_hal_rcc_ex.o
LOAD ./Drivers/STM32F7xx_HAL_Driver/Src/stm32f7xx_hal_sai.o
LOAD ./Drivers/STM32F7xx_HAL_Driver/Src/stm32f7xx_hal_sai_ex.o
LOAD ./Drivers/STM32F7xx_HAL_Driver/Src/stm32f7xx_hal_sd.o
LOAD ./Drivers/STM32F7xx_HAL_Driver/Src/stm32f7xx_hal_uart.o
LOAD ./Drivers/STM32F7xx_HAL_Driver/Src/stm32f7xx_hal_uart_ex.o
LOAD ./Drivers/STM32F7xx_HAL_Driver/Src/stm32f7xx_ll_sdmmc.o
LOAD ./Drivers/wave_audio/waverecorder.o
LOAD ./FATFS/App/fatfs.o
LOAD ./FATFS/Target/bsp_driver_sd.o
LOAD ./FATFS/Target/fatfs_platform.o
LOAD ./FATFS/Target/sd_diskio.o
LOAD ./Middlewares/Third_Party/FatFs/src/diskio.o
LOAD ./Middlewares/Third_Party/FatFs/src/ff.o
LOAD ./Middlewares/Third_Party/FatFs/src/ff_gen_drv.o
LOAD ./Middlewares/Third_Party/FatFs/src/option/syscall.o
LOAD C:\Users\fabi_\Documents\STM32_Projects\Microphone_wav_SD\Drivers\CMSIS\Lib\GCC\libarm_cortexM7lfsp_math.a
START GROUP
LOAD C:/ST/STM32CubeIDE_1.17.0/STM32CubeIDE/plugins/com.st.stm32cube.ide.mcu.externaltools.gnu-tools-for-stm32.12.3.rel1.win32_1.1.0.202410251130/tools/bin/../lib/gcc/arm-none-eabi/12.3.1/../../../../arm-none-eabi/lib/thumb/v7e-m+fp/hard\libc_nano.a
LOAD C:/ST/STM32CubeIDE_1.17.0/STM32CubeIDE/plugins/com.st.stm32cube.ide.mcu.externaltools.gnu-tools-for-stm32.12.3.rel1.win32_1.1.0.202410251130/tools/bin/../lib/gcc/arm-none-eabi/12.3.1/../../../../arm-none-eabi/lib/thumb/v7e-m+fp/hard\libm.a
END GROUP
START GROUP
LOAD C:/ST/STM32CubeIDE_1.17.0/STM32CubeIDE/plugins/com.st.stm32cube.ide.mcu.externaltools.gnu-tools-for-stm32.12.3.rel1.win32_1.1.0.202410251130/tools/bin/../lib/gcc/arm-none-eabi/12.3.1/thumb/v7e-m+fp/hard\libgcc.a
LOAD C:/ST/STM32CubeIDE_1.17.0/STM32CubeIDE/plugins/com.st.stm32cube.ide.mcu.externaltools.gnu-tools-for-stm32.12.3.rel1.win32_1.1.0.202410251130/tools/bin/../lib/gcc/arm-none-eabi/12.3.1/../../../../arm-none-eabi/lib/thumb/v7e-m+fp/hard\libc_nano.a
END GROUP
START GROUP
LOAD C:/ST/STM32CubeIDE_1.17.0/STM32CubeIDE/plugins/com.st.stm32cube.ide.mcu.externaltools.gnu-tools-for-stm32.12.3.rel1.win32_1.1.0.202410251130/tools/bin/../lib/gcc/arm-none-eabi/12.3.1/thumb/v7e-m+fp/hard\libgcc.a
LOAD C:/ST/STM32CubeIDE_1.17.0/STM32CubeIDE/plugins/com.st.stm32cube.ide.mcu.externaltools.gnu-tools-for-stm32.12.3.rel1.win32_1.1.0.202410251130/tools/bin/../lib/gcc/arm-none-eabi/12.3.1/../../../../arm-none-eabi/lib/thumb/v7e-m+fp/hard\libc_nano.a
LOAD C:/ST/STM32CubeIDE_1.17.0/STM32CubeIDE/plugins/com.st.stm32cube.ide.mcu.externaltools.gnu-tools-for-stm32.12.3.rel1.win32_1.1.0.202410251130/tools/bin/../lib/gcc/arm-none-eabi/12.3.1/../../../../arm-none-eabi/lib/thumb/v7e-m+fp/hard\libnosys.a
END GROUP
START GROUP
LOAD C:/ST/STM32CubeIDE_1.17.0/STM32CubeIDE/plugins/com.st.stm32cube.ide.mcu.externaltools.gnu-tools-for-stm32.12.3.rel1.win32_1.1.0.202410251130/tools/bin/../lib/gcc/arm-none-eabi/12.3.1/thumb/v7e-m+fp/hard\libgcc.a
LOAD C:/ST/STM32CubeIDE_1.17.0/STM32CubeIDE/plugins/com.st.stm32cube.ide.mcu.externaltools.gnu-tools-for-stm32.12.3.rel1.win32_1.1.0.202410251130/tools/bin/../lib/gcc/arm-none-eabi/12.3.1/../../../../arm-none-eabi/lib/thumb/v7e-m+fp/hard\libc_nano.a
LOAD C:/ST/STM32CubeIDE_1.17.0/STM32CubeIDE/plugins/com.st.stm32cube.ide.mcu.externaltools.gnu-tools-for-stm32.12.3.rel1.win32_1.1.0.202410251130/tools/bin/../lib/gcc/arm-none-eabi/12.3.1/../../../../arm-none-eabi/lib/thumb/v7e-m+fp/hard\libnosys.a
END GROUP
LOAD C:/ST/STM32CubeIDE_1.17.0/STM32CubeIDE/plugins/com.st.stm32cube.ide.mcu.externaltools.gnu-tools-for-stm32.12.3.rel1.win32_1.1.0.202410251130/tools/bin/../lib/gcc/arm-none-eabi/12.3.1/thumb/v7e-m+fp/hard/crtend.o
LOAD C:/ST/STM32CubeIDE_1.17.0/STM32CubeIDE/plugins/com.st.stm32cube.ide.mcu.externaltools.gnu-tools-for-stm32.12.3.rel1.win32_1.1.0.202410251130/tools/bin/../lib/gcc/arm-none-eabi/12.3.1/thumb/v7e-m+fp/hard/crtn.o
                0x20050000                        _estack = (ORIGIN (RAM) + LENGTH (RAM))
                0x00002000                        _Min_Heap_Size = 0x2000
                0x00002000                        _Min_Stack_Size = 0x2000

.isr_vector     0x08000000      0x1c8
                0x08000000                        . = ALIGN (0x4)
 *(.isr_vector)
 .isr_vector    0x08000000      0x1c8 ./Core/Startup/startup_stm32f746nghx.o
                0x08000000                g_pfnVectors
                0x080001c8                        . = ALIGN (0x4)

.text           0x080001d0    0x10c44
                0x080001d0                        . = ALIGN (0x4)
 *(.text)
 .text          0x080001d0       0x40 C:/ST/STM32CubeIDE_1.17.0/STM32CubeIDE/plugins/com.st.stm32cube.ide.mcu.externaltools.gnu-tools-for-stm32.12.3.rel1.win32_1.1.0.202410251130/tools/bin/../lib/gcc/arm-none-eabi/12.3.1/thumb/v7e-m+fp/hard/crtbegin.o
 .text          0x08000210       0xa0 C:/ST/STM32CubeIDE_1.17.0/STM32CubeIDE/plugins/com.st.stm32cube.ide.mcu.externaltools.gnu-tools-for-stm32.12.3.rel1.win32_1.1.0.202410251130/tools/bin/../lib/gcc/arm-none-eabi/12.3.1/../../../../arm-none-eabi/lib/thumb/v7e-m+fp/hard\libc_nano.a(libc_a-memchr.o)
                0x08000210                memchr
 .text          0x080002b0       0x10 C:/ST/STM32CubeIDE_1.17.0/STM32CubeIDE/plugins/com.st.stm32cube.ide.mcu.externaltools.gnu-tools-for-stm32.12.3.rel1.win32_1.1.0.202410251130/tools/bin/../lib/gcc/arm-none-eabi/12.3.1/../../../../arm-none-eabi/lib/thumb/v7e-m+fp/hard\libc_nano.a(libc_a-strlen.o)
                0x080002b0                strlen
 .text          0x080002c0      0x378 C:/ST/STM32CubeIDE_1.17.0/STM32CubeIDE/plugins/com.st.stm32cube.ide.mcu.externaltools.gnu-tools-for-stm32.12.3.rel1.win32_1.1.0.202410251130/tools/bin/../lib/gcc/arm-none-eabi/12.3.1/thumb/v7e-m+fp/hard\libgcc.a(_arm_addsubdf3.o)
                0x080002c0                __aeabi_drsub
                0x080002c8                __aeabi_dsub
                0x080002c8                __subdf3
                0x080002cc                __aeabi_dadd
                0x080002cc                __adddf3
                0x08000544                __floatunsidf
                0x08000544                __aeabi_ui2d
                0x08000564                __floatsidf
                0x08000564                __aeabi_i2d
                0x08000588                __aeabi_f2d
                0x08000588                __extendsfdf2
                0x080005cc                __floatundidf
                0x080005cc                __aeabi_ul2d
                0x080005dc                __floatdidf
                0x080005dc                __aeabi_l2d
 .text          0x08000638      0x424 C:/ST/STM32CubeIDE_1.17.0/STM32CubeIDE/plugins/com.st.stm32cube.ide.mcu.externaltools.gnu-tools-for-stm32.12.3.rel1.win32_1.1.0.202410251130/tools/bin/../lib/gcc/arm-none-eabi/12.3.1/thumb/v7e-m+fp/hard\libgcc.a(_arm_muldivdf3.o)
                0x08000638                __aeabi_dmul
                0x08000638                __muldf3
                0x0800088c                __divdf3
                0x0800088c                __aeabi_ddiv
 .text          0x08000a5c      0x110 C:/ST/STM32CubeIDE_1.17.0/STM32CubeIDE/plugins/com.st.stm32cube.ide.mcu.externaltools.gnu-tools-for-stm32.12.3.rel1.win32_1.1.0.202410251130/tools/bin/../lib/gcc/arm-none-eabi/12.3.1/thumb/v7e-m+fp/hard\libgcc.a(_arm_cmpdf2.o)
                0x08000a5c                __gtdf2
                0x08000a5c                __gedf2
                0x08000a64                __ltdf2
                0x08000a64                __ledf2
                0x08000a6c                __nedf2
                0x08000a6c                __eqdf2
                0x08000a6c                __cmpdf2
                0x08000ae8                __aeabi_cdrcmple
                0x08000af8                __aeabi_cdcmpeq
                0x08000af8                __aeabi_cdcmple
                0x08000b08                __aeabi_dcmpeq
                0x08000b1c                __aeabi_dcmplt
                0x08000b30                __aeabi_dcmple
                0x08000b44                __aeabi_dcmpge
                0x08000b58                __aeabi_dcmpgt
 .text          0x08000b6c       0x2c C:/ST/STM32CubeIDE_1.17.0/STM32CubeIDE/plugins/com.st.stm32cube.ide.mcu.externaltools.gnu-tools-for-stm32.12.3.rel1.win32_1.1.0.202410251130/tools/bin/../lib/gcc/arm-none-eabi/12.3.1/thumb/v7e-m+fp/hard\libgcc.a(_arm_unorddf2.o)
                0x08000b6c                __unorddf2
                0x08000b6c                __aeabi_dcmpun
 .text          0x08000b98       0x50 C:/ST/STM32CubeIDE_1.17.0/STM32CubeIDE/plugins/com.st.stm32cube.ide.mcu.externaltools.gnu-tools-for-stm32.12.3.rel1.win32_1.1.0.202410251130/tools/bin/../lib/gcc/arm-none-eabi/12.3.1/thumb/v7e-m+fp/hard\libgcc.a(_arm_fixdfsi.o)
                0x08000b98                __aeabi_d2iz
                0x08000b98                __fixdfsi
 .text          0x08000be8       0x30 C:/ST/STM32CubeIDE_1.17.0/STM32CubeIDE/plugins/com.st.stm32cube.ide.mcu.externaltools.gnu-tools-for-stm32.12.3.rel1.win32_1.1.0.202410251130/tools/bin/../lib/gcc/arm-none-eabi/12.3.1/thumb/v7e-m+fp/hard\libgcc.a(_aeabi_uldivmod.o)
                0x08000be8                __aeabi_uldivmod
 .text          0x08000c18      0x2bc C:/ST/STM32CubeIDE_1.17.0/STM32CubeIDE/plugins/com.st.stm32cube.ide.mcu.externaltools.gnu-tools-for-stm32.12.3.rel1.win32_1.1.0.202410251130/tools/bin/../lib/gcc/arm-none-eabi/12.3.1/thumb/v7e-m+fp/hard\libgcc.a(_udivmoddi4.o)
                0x08000c18                __udivmoddi4
 .text          0x08000ed4        0x4 C:/ST/STM32CubeIDE_1.17.0/STM32CubeIDE/plugins/com.st.stm32cube.ide.mcu.externaltools.gnu-tools-for-stm32.12.3.rel1.win32_1.1.0.202410251130/tools/bin/../lib/gcc/arm-none-eabi/12.3.1/thumb/v7e-m+fp/hard\libgcc.a(_dvmd_tls.o)
                0x08000ed4                __aeabi_idiv0
                0x08000ed4                __aeabi_ldiv0
 *(.text*)
 .text.MX_CRC_Init
                0x08000ed8       0x44 ./Core/Src/crc.o
                0x08000ed8                MX_CRC_Init
 .text.HAL_CRC_MspInit
                0x08000f1c       0x40 ./Core/Src/crc.o
                0x08000f1c                HAL_CRC_MspInit
 .text.MX_DMA_Init
                0x08000f5c       0x5c ./Core/Src/dma.o
                0x08000f5c                MX_DMA_Init
 .text.MX_GPIO_Init
                0x08000fb8      0x2e0 ./Core/Src/gpio.o
                0x08000fb8                MX_GPIO_Init
 .text.SCB_EnableICache
                0x08001298       0x4c ./Core/Src/main.o
 .text.SCB_EnableDCache
                0x080012e4       0x88 ./Core/Src/main.o
 .text.main     0x0800136c       0xe4 ./Core/Src/main.o
                0x0800136c                main
 .text.SystemClock_Config
                0x08001450       0xd8 ./Core/Src/main.o
                0x08001450                SystemClock_Config
 .text.__io_putchar
                0x08001528       0x24 ./Core/Src/main.o
                0x08001528                __io_putchar
 .text.HAL_GPIO_EXTI_Callback
                0x0800154c       0x38 ./Core/Src/main.o
                0x0800154c                HAL_GPIO_EXTI_Callback
 .text.check_button_release
                0x08001584       0x28 ./Core/Src/main.o
                0x08001584                check_button_release
 .text.SDCard_InitAndFormat
                0x080015ac       0xa0 ./Core/Src/main.o
                0x080015ac                SDCard_InitAndFormat
 .text.ReadWAVFileInfo
                0x0800164c      0x184 ./Core/Src/main.o
                0x0800164c                ReadWAVFileInfo
 .text.Error_Handler
                0x080017d0        0xc ./Core/Src/main.o
                0x080017d0                Error_Handler
 .text.MX_SAI1_Init
                0x080017dc       0xac ./Core/Src/sai.o
                0x080017dc                MX_SAI1_Init
 .text.HAL_SAI_MspInit
                0x08001888      0x138 ./Core/Src/sai.o
                0x08001888                HAL_SAI_MspInit
 .text.HAL_SAI_MspDeInit
                0x080019c0       0x64 ./Core/Src/sai.o
                0x080019c0                HAL_SAI_MspDeInit
 .text.MX_SDMMC1_SD_Init
                0x08001a24       0x40 ./Core/Src/sdmmc.o
                0x08001a24                MX_SDMMC1_SD_Init
 .text.HAL_SD_MspInit
                0x08001a64      0x21c ./Core/Src/sdmmc.o
                0x08001a64                HAL_SD_MspInit
 .text.HAL_MspInit
                0x08001c80       0x48 ./Core/Src/stm32f7xx_hal_msp.o
                0x08001c80                HAL_MspInit
 .text.NMI_Handler
                0x08001cc8        0x8 ./Core/Src/stm32f7xx_it.o
                0x08001cc8                NMI_Handler
 .text.HardFault_Handler
                0x08001cd0        0x8 ./Core/Src/stm32f7xx_it.o
                0x08001cd0                HardFault_Handler
 .text.MemManage_Handler
                0x08001cd8        0x8 ./Core/Src/stm32f7xx_it.o
                0x08001cd8                MemManage_Handler
 .text.BusFault_Handler
                0x08001ce0        0x8 ./Core/Src/stm32f7xx_it.o
                0x08001ce0                BusFault_Handler
 .text.UsageFault_Handler
                0x08001ce8        0x8 ./Core/Src/stm32f7xx_it.o
                0x08001ce8                UsageFault_Handler
 .text.SVC_Handler
                0x08001cf0        0xe ./Core/Src/stm32f7xx_it.o
                0x08001cf0                SVC_Handler
 .text.DebugMon_Handler
                0x08001cfe        0xe ./Core/Src/stm32f7xx_it.o
                0x08001cfe                DebugMon_Handler
 .text.PendSV_Handler
                0x08001d0c        0xe ./Core/Src/stm32f7xx_it.o
                0x08001d0c                PendSV_Handler
 .text.SysTick_Handler
                0x08001d1a        0xc ./Core/Src/stm32f7xx_it.o
                0x08001d1a                SysTick_Handler
 .text.EXTI15_10_IRQHandler
                0x08001d26       0x10 ./Core/Src/stm32f7xx_it.o
                0x08001d26                EXTI15_10_IRQHandler
 *fill*         0x08001d36        0x2 
 .text.SDMMC1_IRQHandler
                0x08001d38       0x14 ./Core/Src/stm32f7xx_it.o
                0x08001d38                SDMMC1_IRQHandler
 .text.DMA2_Stream1_IRQHandler
                0x08001d4c       0x14 ./Core/Src/stm32f7xx_it.o
                0x08001d4c                DMA2_Stream1_IRQHandler
 .text.DMA2_Stream3_IRQHandler
                0x08001d60       0x14 ./Core/Src/stm32f7xx_it.o
                0x08001d60                DMA2_Stream3_IRQHandler
 .text.DMA2_Stream6_IRQHandler
                0x08001d74       0x14 ./Core/Src/stm32f7xx_it.o
                0x08001d74                DMA2_Stream6_IRQHandler
 .text.DMA2_Stream7_IRQHandler
                0x08001d88       0x18 ./Core/Src/stm32f7xx_it.o
                0x08001d88                DMA2_Stream7_IRQHandler
 .text._getpid  0x08001da0       0x10 ./Core/Src/syscalls.o
                0x08001da0                _getpid
 .text._kill    0x08001db0       0x20 ./Core/Src/syscalls.o
                0x08001db0                _kill
 .text._exit    0x08001dd0       0x16 ./Core/Src/syscalls.o
                0x08001dd0                _exit
 .text._read    0x08001de6       0x3a ./Core/Src/syscalls.o
                0x08001de6                _read
 .text._write   0x08001e20       0x38 ./Core/Src/syscalls.o
                0x08001e20                _write
 .text._close   0x08001e58       0x18 ./Core/Src/syscalls.o
                0x08001e58                _close
 .text._fstat   0x08001e70       0x20 ./Core/Src/syscalls.o
                0x08001e70                _fstat
 .text._isatty  0x08001e90       0x16 ./Core/Src/syscalls.o
                0x08001e90                _isatty
 .text._lseek   0x08001ea6       0x1a ./Core/Src/syscalls.o
                0x08001ea6                _lseek
 .text._sbrk    0x08001ec0       0x6c ./Core/Src/sysmem.o
                0x08001ec0                _sbrk
 .text.SystemInit
                0x08001f2c       0x24 ./Core/Src/system_stm32f7xx.o
                0x08001f2c                SystemInit
 .text.MX_USART1_UART_Init
                0x08001f50       0x60 ./Core/Src/usart.o
                0x08001f50                MX_USART1_UART_Init
 .text.HAL_UART_MspInit
                0x08001fb0      0x104 ./Core/Src/usart.o
                0x08001fb0                HAL_UART_MspInit
 .text.Reset_Handler
                0x080020b4       0x50 ./Core/Startup/startup_stm32f746nghx.o
                0x080020b4                Reset_Handler
 .text.Default_Handler
                0x08002104        0x2 ./Core/Startup/startup_stm32f746nghx.o
                0x08002104                RTC_Alarm_IRQHandler
                0x08002104                EXTI2_IRQHandler
                0x08002104                TIM8_CC_IRQHandler
                0x08002104                UART8_IRQHandler
                0x08002104                SPI4_IRQHandler
                0x08002104                TIM1_CC_IRQHandler
                0x08002104                DMA2_Stream5_IRQHandler
                0x08002104                DMA1_Stream5_IRQHandler
                0x08002104                PVD_IRQHandler
                0x08002104                TAMP_STAMP_IRQHandler
                0x08002104                CAN2_RX1_IRQHandler
                0x08002104                EXTI3_IRQHandler
                0x08002104                TIM8_TRG_COM_TIM14_IRQHandler
                0x08002104                TIM1_UP_TIM10_IRQHandler
                0x08002104                TIM8_UP_TIM13_IRQHandler
                0x08002104                I2C3_ER_IRQHandler
                0x08002104                EXTI0_IRQHandler
                0x08002104                I2C2_EV_IRQHandler
                0x08002104                DMA1_Stream2_IRQHandler
                0x08002104                CAN1_RX0_IRQHandler
                0x08002104                FPU_IRQHandler
                0x08002104                OTG_HS_WKUP_IRQHandler
                0x08002104                LTDC_ER_IRQHandler
                0x08002104                CAN2_SCE_IRQHandler
                0x08002104                DMA2_Stream2_IRQHandler
                0x08002104                SPI1_IRQHandler
                0x08002104                TIM6_DAC_IRQHandler
                0x08002104                TIM1_BRK_TIM9_IRQHandler
                0x08002104                DCMI_IRQHandler
                0x08002104                CAN2_RX0_IRQHandler
                0x08002104                SAI2_IRQHandler
                0x08002104                USART6_IRQHandler
                0x08002104                USART3_IRQHandler
                0x08002104                CAN1_RX1_IRQHandler
                0x08002104                UART5_IRQHandler
                0x08002104                DMA2_Stream0_IRQHandler
                0x08002104                TIM4_IRQHandler
                0x08002104                QUADSPI_IRQHandler
                0x08002104                I2C1_EV_IRQHandler
                0x08002104                DMA1_Stream6_IRQHandler
                0x08002104                DMA1_Stream1_IRQHandler
                0x08002104                UART4_IRQHandler
                0x08002104                TIM3_IRQHandler
                0x08002104                RCC_IRQHandler
                0x08002104                TIM8_BRK_TIM12_IRQHandler
                0x08002104                Default_Handler
                0x08002104                CEC_IRQHandler
                0x08002104                ADC_IRQHandler
                0x08002104                DMA1_Stream7_IRQHandler
                0x08002104                SPI5_IRQHandler
                0x08002104                TIM7_IRQHandler
                0x08002104                CAN2_TX_IRQHandler
                0x08002104                TIM5_IRQHandler
                0x08002104                I2C3_EV_IRQHandler
                0x08002104                EXTI9_5_IRQHandler
                0x08002104                RTC_WKUP_IRQHandler
                0x08002104                LTDC_IRQHandler
                0x08002104                ETH_WKUP_IRQHandler
                0x08002104                SPDIF_RX_IRQHandler
                0x08002104                SPI2_IRQHandler
                0x08002104                OTG_HS_EP1_IN_IRQHandler
                0x08002104                DMA1_Stream0_IRQHandler
                0x08002104                CAN1_TX_IRQHandler
                0x08002104                EXTI4_IRQHandler
                0x08002104                RNG_IRQHandler
                0x08002104                ETH_IRQHandler
                0x08002104                OTG_HS_EP1_OUT_IRQHandler
                0x08002104                WWDG_IRQHandler
                0x08002104                SPI6_IRQHandler
                0x08002104                I2C4_EV_IRQHandler
                0x08002104                TIM2_IRQHandler
                0x08002104                OTG_FS_WKUP_IRQHandler
                0x08002104                TIM1_TRG_COM_TIM11_IRQHandler
                0x08002104                OTG_HS_IRQHandler
                0x08002104                DMA2D_IRQHandler
                0x08002104                EXTI1_IRQHandler
                0x08002104                UART7_IRQHandler
                0x08002104                USART2_IRQHandler
                0x08002104                I2C2_ER_IRQHandler
                0x08002104                CAN1_SCE_IRQHandler
                0x08002104                FLASH_IRQHandler
                0x08002104                DMA2_Stream4_IRQHandler
                0x08002104                USART1_IRQHandler
                0x08002104                OTG_FS_IRQHandler
                0x08002104                SPI3_IRQHandler
                0x08002104                DMA1_Stream4_IRQHandler
                0x08002104                I2C1_ER_IRQHandler
                0x08002104                FMC_IRQHandler
                0x08002104                LPTIM1_IRQHandler
                0x08002104                I2C4_ER_IRQHandler
                0x08002104                SAI1_IRQHandler
                0x08002104                DMA1_Stream3_IRQHandler
 *fill*         0x08002106        0x2 
 .text.wm8994_Init
                0x08002108      0xd78 ./Drivers/BSP/Components/wm8994/wm8994.o
                0x08002108                wm8994_Init
 .text.wm8994_DeInit
                0x08002e80        0xc ./Drivers/BSP/Components/wm8994/wm8994.o
                0x08002e80                wm8994_DeInit
 .text.wm8994_ReadID
                0x08002e8c       0x24 ./Drivers/BSP/Components/wm8994/wm8994.o
                0x08002e8c                wm8994_ReadID
 .text.wm8994_Play
                0x08002eb0       0x30 ./Drivers/BSP/Components/wm8994/wm8994.o
                0x08002eb0                wm8994_Play
 .text.wm8994_Pause
                0x08002ee0       0x42 ./Drivers/BSP/Components/wm8994/wm8994.o
                0x08002ee0                wm8994_Pause
 .text.wm8994_Resume
                0x08002f22       0x2a ./Drivers/BSP/Components/wm8994/wm8994.o
                0x08002f22                wm8994_Resume
 .text.wm8994_Stop
                0x08002f4c       0xdc ./Drivers/BSP/Components/wm8994/wm8994.o
                0x08002f4c                wm8994_Stop
 .text.wm8994_SetVolume
                0x08003028      0x248 ./Drivers/BSP/Components/wm8994/wm8994.o
                0x08003028                wm8994_SetVolume
 .text.wm8994_SetMute
                0x08003270       0x9c ./Drivers/BSP/Components/wm8994/wm8994.o
                0x08003270                wm8994_SetMute
 .text.wm8994_SetOutputMode
                0x0800330c      0x246 ./Drivers/BSP/Components/wm8994/wm8994.o
                0x0800330c                wm8994_SetOutputMode
 *fill*         0x08003552        0x2 
 .text.wm8994_SetFrequency
                0x08003554      0x1a8 ./Drivers/BSP/Components/wm8994/wm8994.o
                0x08003554                wm8994_SetFrequency
 .text.wm8994_Reset
                0x080036fc       0x40 ./Drivers/BSP/Components/wm8994/wm8994.o
                0x080036fc                wm8994_Reset
 .text.CODEC_IO_Write
                0x0800373c       0x2e ./Drivers/BSP/Components/wm8994/wm8994.o
 *fill*         0x0800376a        0x2 
 .text.I2Cx_MspInit
                0x0800376c      0x160 ./Drivers/BSP/STM32746G-Discovery/stm32746g_discovery.o
 .text.I2Cx_Init
                0x080038cc       0x78 ./Drivers/BSP/STM32746G-Discovery/stm32746g_discovery.o
 .text.I2Cx_ReadMultiple
                0x08003944       0x5a ./Drivers/BSP/STM32746G-Discovery/stm32746g_discovery.o
 .text.I2Cx_WriteMultiple
                0x0800399e       0x5a ./Drivers/BSP/STM32746G-Discovery/stm32746g_discovery.o
 .text.I2Cx_Error
                0x080039f8       0x20 ./Drivers/BSP/STM32746G-Discovery/stm32746g_discovery.o
 .text.AUDIO_IO_Init
                0x08003a18       0x14 ./Drivers/BSP/STM32746G-Discovery/stm32746g_discovery.o
                0x08003a18                AUDIO_IO_Init
 .text.AUDIO_IO_DeInit
                0x08003a2c        0xe ./Drivers/BSP/STM32746G-Discovery/stm32746g_discovery.o
                0x08003a2c                AUDIO_IO_DeInit
 *fill*         0x08003a3a        0x2 
 .text.AUDIO_IO_Write
                0x08003a3c       0x54 ./Drivers/BSP/STM32746G-Discovery/stm32746g_discovery.o
                0x08003a3c                AUDIO_IO_Write
 .text.AUDIO_IO_Read
                0x08003a90       0x58 ./Drivers/BSP/STM32746G-Discovery/stm32746g_discovery.o
                0x08003a90                AUDIO_IO_Read
 .text.AUDIO_IO_Delay
                0x08003ae8       0x16 ./Drivers/BSP/STM32746G-Discovery/stm32746g_discovery.o
                0x08003ae8                AUDIO_IO_Delay
 *fill*         0x08003afe        0x2 
 .text.HAL_SAI_ErrorCallback
                0x08003b00       0x4c ./Drivers/BSP/STM32746G-Discovery/stm32746g_discovery_audio.o
                0x08003b00                HAL_SAI_ErrorCallback
 .text.BSP_AUDIO_OUT_Error_CallBack
                0x08003b4c        0xe ./Drivers/BSP/STM32746G-Discovery/stm32746g_discovery_audio.o
                0x08003b4c                BSP_AUDIO_OUT_Error_CallBack
 *fill*         0x08003b5a        0x2 
 .text.BSP_AUDIO_OUT_MspInit
                0x08003b5c      0x1ac ./Drivers/BSP/STM32746G-Discovery/stm32746g_discovery_audio.o
                0x08003b5c                BSP_AUDIO_OUT_MspInit
 .text.BSP_AUDIO_OUT_ClockConfig
                0x08003d08       0x88 ./Drivers/BSP/STM32746G-Discovery/stm32746g_discovery_audio.o
                0x08003d08                BSP_AUDIO_OUT_ClockConfig
 .text.BSP_AUDIO_IN_Init
                0x08003d90       0x24 ./Drivers/BSP/STM32746G-Discovery/stm32746g_discovery_audio.o
                0x08003d90                BSP_AUDIO_IN_Init
 .text.BSP_AUDIO_IN_InitEx
                0x08003db4       0xd8 ./Drivers/BSP/STM32746G-Discovery/stm32746g_discovery_audio.o
                0x08003db4                BSP_AUDIO_IN_InitEx
 .text.BSP_AUDIO_IN_Record
                0x08003e8c       0x30 ./Drivers/BSP/STM32746G-Discovery/stm32746g_discovery_audio.o
                0x08003e8c                BSP_AUDIO_IN_Record
 .text.BSP_AUDIO_IN_Stop
                0x08003ebc       0x44 ./Drivers/BSP/STM32746G-Discovery/stm32746g_discovery_audio.o
                0x08003ebc                BSP_AUDIO_IN_Stop
 .text.HAL_SAI_RxCpltCallback
                0x08003f00       0x14 ./Drivers/BSP/STM32746G-Discovery/stm32746g_discovery_audio.o
                0x08003f00                HAL_SAI_RxCpltCallback
 .text.HAL_SAI_RxHalfCpltCallback
                0x08003f14       0x14 ./Drivers/BSP/STM32746G-Discovery/stm32746g_discovery_audio.o
                0x08003f14                HAL_SAI_RxHalfCpltCallback
 .text.BSP_AUDIO_IN_Error_CallBack
                0x08003f28        0xe ./Drivers/BSP/STM32746G-Discovery/stm32746g_discovery_audio.o
                0x08003f28                BSP_AUDIO_IN_Error_CallBack
 *fill*         0x08003f36        0x2 
 .text.BSP_AUDIO_IN_MspInit
                0x08003f38      0x164 ./Drivers/BSP/STM32746G-Discovery/stm32746g_discovery_audio.o
                0x08003f38                BSP_AUDIO_IN_MspInit
 .text.SAIx_In_Init
                0x0800409c      0x16c ./Drivers/BSP/STM32746G-Discovery/stm32746g_discovery_audio.o
 .text.SAIx_In_DeInit
                0x08004208       0x2c ./Drivers/BSP/STM32746G-Discovery/stm32746g_discovery_audio.o
 .text.HAL_Init
                0x08004234       0x1a ./Drivers/STM32F7xx_HAL_Driver/Src/stm32f7xx_hal.o
                0x08004234                HAL_Init
 *fill*         0x0800424e        0x2 
 .text.HAL_InitTick
                0x08004250       0x60 ./Drivers/STM32F7xx_HAL_Driver/Src/stm32f7xx_hal.o
                0x08004250                HAL_InitTick
 .text.HAL_IncTick
                0x080042b0       0x28 ./Drivers/STM32F7xx_HAL_Driver/Src/stm32f7xx_hal.o
                0x080042b0                HAL_IncTick
 .text.HAL_GetTick
                0x080042d8       0x18 ./Drivers/STM32F7xx_HAL_Driver/Src/stm32f7xx_hal.o
                0x080042d8                HAL_GetTick
 .text.HAL_Delay
                0x080042f0       0x48 ./Drivers/STM32F7xx_HAL_Driver/Src/stm32f7xx_hal.o
                0x080042f0                HAL_Delay
 .text.__NVIC_SetPriorityGrouping
                0x08004338       0x48 ./Drivers/STM32F7xx_HAL_Driver/Src/stm32f7xx_hal_cortex.o
 .text.__NVIC_GetPriorityGrouping
                0x08004380       0x1c ./Drivers/STM32F7xx_HAL_Driver/Src/stm32f7xx_hal_cortex.o
 .text.__NVIC_EnableIRQ
                0x0800439c       0x3c ./Drivers/STM32F7xx_HAL_Driver/Src/stm32f7xx_hal_cortex.o
 .text.__NVIC_SetPriority
                0x080043d8       0x54 ./Drivers/STM32F7xx_HAL_Driver/Src/stm32f7xx_hal_cortex.o
 .text.NVIC_EncodePriority
                0x0800442c       0x66 ./Drivers/STM32F7xx_HAL_Driver/Src/stm32f7xx_hal_cortex.o
 *fill*         0x08004492        0x2 
 .text.SysTick_Config
                0x08004494       0x44 ./Drivers/STM32F7xx_HAL_Driver/Src/stm32f7xx_hal_cortex.o
 .text.HAL_NVIC_SetPriorityGrouping
                0x080044d8       0x16 ./Drivers/STM32F7xx_HAL_Driver/Src/stm32f7xx_hal_cortex.o
                0x080044d8                HAL_NVIC_SetPriorityGrouping
 .text.HAL_NVIC_SetPriority
                0x080044ee       0x38 ./Drivers/STM32F7xx_HAL_Driver/Src/stm32f7xx_hal_cortex.o
                0x080044ee                HAL_NVIC_SetPriority
 .text.HAL_NVIC_EnableIRQ
                0x08004526       0x1c ./Drivers/STM32F7xx_HAL_Driver/Src/stm32f7xx_hal_cortex.o
                0x08004526                HAL_NVIC_EnableIRQ
 .text.HAL_SYSTICK_Config
                0x08004542       0x18 ./Drivers/STM32F7xx_HAL_Driver/Src/stm32f7xx_hal_cortex.o
                0x08004542                HAL_SYSTICK_Config
 *fill*         0x0800455a        0x2 
 .text.HAL_CRC_Init
                0x0800455c       0xc8 ./Drivers/STM32F7xx_HAL_Driver/Src/stm32f7xx_hal_crc.o
                0x0800455c                HAL_CRC_Init
 .text.HAL_CRCEx_Polynomial_Set
                0x08004624      0x11c ./Drivers/STM32F7xx_HAL_Driver/Src/stm32f7xx_hal_crc_ex.o
                0x08004624                HAL_CRCEx_Polynomial_Set
 .text.HAL_DMA_Init
                0x08004740      0x15c ./Drivers/STM32F7xx_HAL_Driver/Src/stm32f7xx_hal_dma.o
                0x08004740                HAL_DMA_Init
 .text.HAL_DMA_DeInit
                0x0800489c       0xbc ./Drivers/STM32F7xx_HAL_Driver/Src/stm32f7xx_hal_dma.o
                0x0800489c                HAL_DMA_DeInit
 .text.HAL_DMA_Start_IT
                0x08004958       0xc0 ./Drivers/STM32F7xx_HAL_Driver/Src/stm32f7xx_hal_dma.o
                0x08004958                HAL_DMA_Start_IT
 .text.HAL_DMA_Abort
                0x08004a18       0xe0 ./Drivers/STM32F7xx_HAL_Driver/Src/stm32f7xx_hal_dma.o
                0x08004a18                HAL_DMA_Abort
 .text.HAL_DMA_Abort_IT
                0x08004af8       0x44 ./Drivers/STM32F7xx_HAL_Driver/Src/stm32f7xx_hal_dma.o
                0x08004af8                HAL_DMA_Abort_IT
 .text.HAL_DMA_IRQHandler
                0x08004b3c      0x314 ./Drivers/STM32F7xx_HAL_Driver/Src/stm32f7xx_hal_dma.o
                0x08004b3c                HAL_DMA_IRQHandler
 .text.HAL_DMA_GetError
                0x08004e50       0x18 ./Drivers/STM32F7xx_HAL_Driver/Src/stm32f7xx_hal_dma.o
                0x08004e50                HAL_DMA_GetError
 .text.DMA_SetConfig
                0x08004e68       0x5c ./Drivers/STM32F7xx_HAL_Driver/Src/stm32f7xx_hal_dma.o
 .text.DMA_CalcBaseAndBitshift
                0x08004ec4       0x6c ./Drivers/STM32F7xx_HAL_Driver/Src/stm32f7xx_hal_dma.o
 .text.DMA_CheckFifoParam
                0x08004f30       0xf8 ./Drivers/STM32F7xx_HAL_Driver/Src/stm32f7xx_hal_dma.o
 .text.HAL_GPIO_Init
                0x08005028      0x358 ./Drivers/STM32F7xx_HAL_Driver/Src/stm32f7xx_hal_gpio.o
                0x08005028                HAL_GPIO_Init
 .text.HAL_GPIO_DeInit
                0x08005380      0x218 ./Drivers/STM32F7xx_HAL_Driver/Src/stm32f7xx_hal_gpio.o
                0x08005380                HAL_GPIO_DeInit
 .text.HAL_GPIO_ReadPin
                0x08005598       0x30 ./Drivers/STM32F7xx_HAL_Driver/Src/stm32f7xx_hal_gpio.o
                0x08005598                HAL_GPIO_ReadPin
 .text.HAL_GPIO_WritePin
                0x080055c8       0x32 ./Drivers/STM32F7xx_HAL_Driver/Src/stm32f7xx_hal_gpio.o
                0x080055c8                HAL_GPIO_WritePin
 .text.HAL_GPIO_TogglePin
                0x080055fa       0x34 ./Drivers/STM32F7xx_HAL_Driver/Src/stm32f7xx_hal_gpio.o
                0x080055fa                HAL_GPIO_TogglePin
 *fill*         0x0800562e        0x2 
 .text.HAL_GPIO_EXTI_IRQHandler
                0x08005630       0x30 ./Drivers/STM32F7xx_HAL_Driver/Src/stm32f7xx_hal_gpio.o
                0x08005630                HAL_GPIO_EXTI_IRQHandler
 .text.HAL_I2C_Init
                0x08005660      0x138 ./Drivers/STM32F7xx_HAL_Driver/Src/stm32f7xx_hal_i2c.o
                0x08005660                HAL_I2C_Init
 .text.HAL_I2C_DeInit
                0x08005798       0x5e ./Drivers/STM32F7xx_HAL_Driver/Src/stm32f7xx_hal_i2c.o
                0x08005798                HAL_I2C_DeInit
 .text.HAL_I2C_MspInit
                0x080057f6       0x14 ./Drivers/STM32F7xx_HAL_Driver/Src/stm32f7xx_hal_i2c.o
                0x080057f6                HAL_I2C_MspInit
 .text.HAL_I2C_MspDeInit
                0x0800580a       0x14 ./Drivers/STM32F7xx_HAL_Driver/Src/stm32f7xx_hal_i2c.o
                0x0800580a                HAL_I2C_MspDeInit
 *fill*         0x0800581e        0x2 
 .text.HAL_I2C_Mem_Write
                0x08005820      0x228 ./Drivers/STM32F7xx_HAL_Driver/Src/stm32f7xx_hal_i2c.o
                0x08005820                HAL_I2C_Mem_Write
 .text.HAL_I2C_Mem_Read
                0x08005a48      0x234 ./Drivers/STM32F7xx_HAL_Driver/Src/stm32f7xx_hal_i2c.o
                0x08005a48                HAL_I2C_Mem_Read
 .text.HAL_I2C_GetState
                0x08005c7c       0x1c ./Drivers/STM32F7xx_HAL_Driver/Src/stm32f7xx_hal_i2c.o
                0x08005c7c                HAL_I2C_GetState
 .text.I2C_RequestMemoryWrite
                0x08005c98       0xa8 ./Drivers/STM32F7xx_HAL_Driver/Src/stm32f7xx_hal_i2c.o
 .text.I2C_RequestMemoryRead
                0x08005d40       0xa8 ./Drivers/STM32F7xx_HAL_Driver/Src/stm32f7xx_hal_i2c.o
 .text.I2C_Flush_TXDR
                0x08005de8       0x48 ./Drivers/STM32F7xx_HAL_Driver/Src/stm32f7xx_hal_i2c.o
 .text.I2C_WaitOnFlagUntilTimeout
                0x08005e30       0xb2 ./Drivers/STM32F7xx_HAL_Driver/Src/stm32f7xx_hal_i2c.o
 .text.I2C_WaitOnTXISFlagUntilTimeout
                0x08005ee2       0x8e ./Drivers/STM32F7xx_HAL_Driver/Src/stm32f7xx_hal_i2c.o
 .text.I2C_WaitOnSTOPFlagUntilTimeout
                0x08005f70       0x86 ./Drivers/STM32F7xx_HAL_Driver/Src/stm32f7xx_hal_i2c.o
 *fill*         0x08005ff6        0x2 
 .text.I2C_IsErrorOccurred
                0x08005ff8      0x1c0 ./Drivers/STM32F7xx_HAL_Driver/Src/stm32f7xx_hal_i2c.o
 .text.I2C_TransferConfig
                0x080061b8       0x64 ./Drivers/STM32F7xx_HAL_Driver/Src/stm32f7xx_hal_i2c.o
 .text.HAL_PWREx_EnableOverDrive
                0x0800621c       0xa0 ./Drivers/STM32F7xx_HAL_Driver/Src/stm32f7xx_hal_pwr_ex.o
                0x0800621c                HAL_PWREx_EnableOverDrive
 .text.HAL_RCC_OscConfig
                0x080062bc      0x548 ./Drivers/STM32F7xx_HAL_Driver/Src/stm32f7xx_hal_rcc.o
                0x080062bc                HAL_RCC_OscConfig
 .text.HAL_RCC_ClockConfig
                0x08006804      0x1d8 ./Drivers/STM32F7xx_HAL_Driver/Src/stm32f7xx_hal_rcc.o
                0x08006804                HAL_RCC_ClockConfig
 .text.HAL_RCC_GetSysClockFreq
                0x080069dc      0x18c ./Drivers/STM32F7xx_HAL_Driver/Src/stm32f7xx_hal_rcc.o
                0x080069dc                HAL_RCC_GetSysClockFreq
 .text.HAL_RCC_GetHCLKFreq
                0x08006b68       0x18 ./Drivers/STM32F7xx_HAL_Driver/Src/stm32f7xx_hal_rcc.o
                0x08006b68                HAL_RCC_GetHCLKFreq
 .text.HAL_RCC_GetPCLK1Freq
                0x08006b80       0x28 ./Drivers/STM32F7xx_HAL_Driver/Src/stm32f7xx_hal_rcc.o
                0x08006b80                HAL_RCC_GetPCLK1Freq
 .text.HAL_RCC_GetPCLK2Freq
                0x08006ba8       0x28 ./Drivers/STM32F7xx_HAL_Driver/Src/stm32f7xx_hal_rcc.o
                0x08006ba8                HAL_RCC_GetPCLK2Freq
 .text.HAL_RCCEx_PeriphCLKConfig
                0x08006bd0      0x7e0 ./Drivers/STM32F7xx_HAL_Driver/Src/stm32f7xx_hal_rcc_ex.o
                0x08006bd0                HAL_RCCEx_PeriphCLKConfig
 .text.HAL_RCCEx_GetPeriphCLKConfig
                0x080073b0      0x218 ./Drivers/STM32F7xx_HAL_Driver/Src/stm32f7xx_hal_rcc_ex.o
                0x080073b0                HAL_RCCEx_GetPeriphCLKConfig
 .text.HAL_RCCEx_GetPeriphCLKFreq
                0x080075c8      0x280 ./Drivers/STM32F7xx_HAL_Driver/Src/stm32f7xx_hal_rcc_ex.o
                0x080075c8                HAL_RCCEx_GetPeriphCLKFreq
 .text.HAL_SAI_Init
                0x08007848      0x2fc ./Drivers/STM32F7xx_HAL_Driver/Src/stm32f7xx_hal_sai.o
                0x08007848                HAL_SAI_Init
 .text.HAL_SAI_DeInit
                0x08007b44       0x6a ./Drivers/STM32F7xx_HAL_Driver/Src/stm32f7xx_hal_sai.o
                0x08007b44                HAL_SAI_DeInit
 .text.HAL_SAI_DMAStop
                0x08007bae       0xe6 ./Drivers/STM32F7xx_HAL_Driver/Src/stm32f7xx_hal_sai.o
                0x08007bae                HAL_SAI_DMAStop
 .text.HAL_SAI_Receive_DMA
                0x08007c94      0x11c ./Drivers/STM32F7xx_HAL_Driver/Src/stm32f7xx_hal_sai.o
                0x08007c94                HAL_SAI_Receive_DMA
 .text.HAL_SAI_GetState
                0x08007db0       0x1c ./Drivers/STM32F7xx_HAL_Driver/Src/stm32f7xx_hal_sai.o
                0x08007db0                HAL_SAI_GetState
 .text.SAI_InterruptFlag
                0x08007dcc       0x6c ./Drivers/STM32F7xx_HAL_Driver/Src/stm32f7xx_hal_sai.o
 .text.SAI_Disable
                0x08007e38       0x70 ./Drivers/STM32F7xx_HAL_Driver/Src/stm32f7xx_hal_sai.o
 .text.SAI_DMARxCplt
                0x08007ea8       0x60 ./Drivers/STM32F7xx_HAL_Driver/Src/stm32f7xx_hal_sai.o
 .text.SAI_DMARxHalfCplt
                0x08007f08       0x1c ./Drivers/STM32F7xx_HAL_Driver/Src/stm32f7xx_hal_sai.o
 .text.SAI_DMAError
                0x08007f24       0x66 ./Drivers/STM32F7xx_HAL_Driver/Src/stm32f7xx_hal_sai.o
 .text.HAL_SD_Init
                0x08007f8a       0x60 ./Drivers/STM32F7xx_HAL_Driver/Src/stm32f7xx_hal_sd.o
                0x08007f8a                HAL_SD_Init
 *fill*         0x08007fea        0x2 
 .text.HAL_SD_InitCard
                0x08007fec      0x110 ./Drivers/STM32F7xx_HAL_Driver/Src/stm32f7xx_hal_sd.o
                0x08007fec                HAL_SD_InitCard
 .text.HAL_SD_ReadBlocks_DMA
                0x080080fc      0x1c4 ./Drivers/STM32F7xx_HAL_Driver/Src/stm32f7xx_hal_sd.o
                0x080080fc                HAL_SD_ReadBlocks_DMA
 .text.HAL_SD_WriteBlocks_DMA
                0x080082c0      0x1cc ./Drivers/STM32F7xx_HAL_Driver/Src/stm32f7xx_hal_sd.o
                0x080082c0                HAL_SD_WriteBlocks_DMA
 .text.HAL_SD_IRQHandler
                0x0800848c      0x2ec ./Drivers/STM32F7xx_HAL_Driver/Src/stm32f7xx_hal_sd.o
                0x0800848c                HAL_SD_IRQHandler
 .text.HAL_SD_ErrorCallback
                0x08008778       0x14 ./Drivers/STM32F7xx_HAL_Driver/Src/stm32f7xx_hal_sd.o
                0x08008778                HAL_SD_ErrorCallback
 .text.HAL_SD_GetCardCSD
                0x0800878c      0x348 ./Drivers/STM32F7xx_HAL_Driver/Src/stm32f7xx_hal_sd.o
                0x0800878c                HAL_SD_GetCardCSD
 .text.HAL_SD_GetCardInfo
                0x08008ad4       0x58 ./Drivers/STM32F7xx_HAL_Driver/Src/stm32f7xx_hal_sd.o
                0x08008ad4                HAL_SD_GetCardInfo
 .text.HAL_SD_GetCardState
                0x08008b2c       0x40 ./Drivers/STM32F7xx_HAL_Driver/Src/stm32f7xx_hal_sd.o
                0x08008b2c                HAL_SD_GetCardState
 .text.SD_DMATransmitCplt
                0x08008b6c       0x2a ./Drivers/STM32F7xx_HAL_Driver/Src/stm32f7xx_hal_sd.o
 .text.SD_DMAReceiveCplt
                0x08008b96       0x70 ./Drivers/STM32F7xx_HAL_Driver/Src/stm32f7xx_hal_sd.o
 *fill*         0x08008c06        0x2 
 .text.SD_DMAError
                0x08008c08       0xa4 ./Drivers/STM32F7xx_HAL_Driver/Src/stm32f7xx_hal_sd.o
 .text.SD_DMATxAbort
                0x08008cac       0x6e ./Drivers/STM32F7xx_HAL_Driver/Src/stm32f7xx_hal_sd.o
 .text.SD_DMARxAbort
                0x08008d1a       0x6e ./Drivers/STM32F7xx_HAL_Driver/Src/stm32f7xx_hal_sd.o
 .text.SD_InitCard
                0x08008d88      0x19c ./Drivers/STM32F7xx_HAL_Driver/Src/stm32f7xx_hal_sd.o
 .text.SD_PowerON
                0x08008f24      0x11c ./Drivers/STM32F7xx_HAL_Driver/Src/stm32f7xx_hal_sd.o
 .text.SD_SendStatus
                0x08009040       0x50 ./Drivers/STM32F7xx_HAL_Driver/Src/stm32f7xx_hal_sd.o
 .text.SD_Read_IT
                0x08009090       0xa2 ./Drivers/STM32F7xx_HAL_Driver/Src/stm32f7xx_hal_sd.o
 .text.SD_Write_IT
                0x08009132       0xaa ./Drivers/STM32F7xx_HAL_Driver/Src/stm32f7xx_hal_sd.o
 .text.HAL_UART_Init
                0x080091dc       0x9c ./Drivers/STM32F7xx_HAL_Driver/Src/stm32f7xx_hal_uart.o
                0x080091dc                HAL_UART_Init
 .text.HAL_UART_Transmit
                0x08009278      0x112 ./Drivers/STM32F7xx_HAL_Driver/Src/stm32f7xx_hal_uart.o
                0x08009278                HAL_UART_Transmit
 *fill*         0x0800938a        0x2 
 .text.UART_SetConfig
                0x0800938c      0x4c8 ./Drivers/STM32F7xx_HAL_Driver/Src/stm32f7xx_hal_uart.o
                0x0800938c                UART_SetConfig
 .text.UART_AdvFeatureConfig
                0x08009854      0x144 ./Drivers/STM32F7xx_HAL_Driver/Src/stm32f7xx_hal_uart.o
                0x08009854                UART_AdvFeatureConfig
 .text.UART_CheckIdleState
                0x08009998       0xae ./Drivers/STM32F7xx_HAL_Driver/Src/stm32f7xx_hal_uart.o
                0x08009998                UART_CheckIdleState
 .text.UART_WaitOnFlagUntilTimeout
                0x08009a46       0xda ./Drivers/STM32F7xx_HAL_Driver/Src/stm32f7xx_hal_uart.o
                0x08009a46                UART_WaitOnFlagUntilTimeout
 .text.UART_EndRxTransfer
                0x08009b20       0xc8 ./Drivers/STM32F7xx_HAL_Driver/Src/stm32f7xx_hal_uart.o
 .text.SDMMC_Init
                0x08009be8       0x58 ./Drivers/STM32F7xx_HAL_Driver/Src/stm32f7xx_ll_sdmmc.o
                0x08009be8                SDMMC_Init
 .text.SDMMC_ReadFIFO
                0x08009c40       0x1a ./Drivers/STM32F7xx_HAL_Driver/Src/stm32f7xx_ll_sdmmc.o
                0x08009c40                SDMMC_ReadFIFO
 .text.SDMMC_WriteFIFO
                0x08009c5a       0x22 ./Drivers/STM32F7xx_HAL_Driver/Src/stm32f7xx_ll_sdmmc.o
                0x08009c5a                SDMMC_WriteFIFO
 .text.SDMMC_PowerState_ON
                0x08009c7c       0x1c ./Drivers/STM32F7xx_HAL_Driver/Src/stm32f7xx_ll_sdmmc.o
                0x08009c7c                SDMMC_PowerState_ON
 .text.SDMMC_GetPowerState
                0x08009c98       0x1c ./Drivers/STM32F7xx_HAL_Driver/Src/stm32f7xx_ll_sdmmc.o
                0x08009c98                SDMMC_GetPowerState
 .text.SDMMC_SendCommand
                0x08009cb4       0x54 ./Drivers/STM32F7xx_HAL_Driver/Src/stm32f7xx_ll_sdmmc.o
                0x08009cb4                SDMMC_SendCommand
 .text.SDMMC_GetCommandResponse
                0x08009d08       0x1a ./Drivers/STM32F7xx_HAL_Driver/Src/stm32f7xx_ll_sdmmc.o
                0x08009d08                SDMMC_GetCommandResponse
 .text.SDMMC_GetResponse
                0x08009d22       0x26 ./Drivers/STM32F7xx_HAL_Driver/Src/stm32f7xx_ll_sdmmc.o
                0x08009d22                SDMMC_GetResponse
 .text.SDMMC_ConfigData
                0x08009d48       0x58 ./Drivers/STM32F7xx_HAL_Driver/Src/stm32f7xx_ll_sdmmc.o
                0x08009d48                SDMMC_ConfigData
 .text.SDMMC_CmdBlockLength
                0x08009da0       0x44 ./Drivers/STM32F7xx_HAL_Driver/Src/stm32f7xx_ll_sdmmc.o
                0x08009da0                SDMMC_CmdBlockLength
 .text.SDMMC_CmdReadSingleBlock
                0x08009de4       0x44 ./Drivers/STM32F7xx_HAL_Driver/Src/stm32f7xx_ll_sdmmc.o
                0x08009de4                SDMMC_CmdReadSingleBlock
 .text.SDMMC_CmdReadMultiBlock
                0x08009e28       0x44 ./Drivers/STM32F7xx_HAL_Driver/Src/stm32f7xx_ll_sdmmc.o
                0x08009e28                SDMMC_CmdReadMultiBlock
 .text.SDMMC_CmdWriteSingleBlock
                0x08009e6c       0x44 ./Drivers/STM32F7xx_HAL_Driver/Src/stm32f7xx_ll_sdmmc.o
                0x08009e6c                SDMMC_CmdWriteSingleBlock
 .text.SDMMC_CmdWriteMultiBlock
                0x08009eb0       0x44 ./Drivers/STM32F7xx_HAL_Driver/Src/stm32f7xx_ll_sdmmc.o
                0x08009eb0                SDMMC_CmdWriteMultiBlock
 .text.SDMMC_CmdStopTransfer
                0x08009ef4       0x44 ./Drivers/STM32F7xx_HAL_Driver/Src/stm32f7xx_ll_sdmmc.o
                0x08009ef4                SDMMC_CmdStopTransfer
 .text.SDMMC_CmdSelDesel
                0x08009f38       0x46 ./Drivers/STM32F7xx_HAL_Driver/Src/stm32f7xx_ll_sdmmc.o
                0x08009f38                SDMMC_CmdSelDesel
 .text.SDMMC_CmdGoIdleState
                0x08009f7e       0x3c ./Drivers/STM32F7xx_HAL_Driver/Src/stm32f7xx_ll_sdmmc.o
                0x08009f7e                SDMMC_CmdGoIdleState
 .text.SDMMC_CmdOperCond
                0x08009fba       0x3e ./Drivers/STM32F7xx_HAL_Driver/Src/stm32f7xx_ll_sdmmc.o
                0x08009fba                SDMMC_CmdOperCond
 .text.SDMMC_CmdAppCommand
                0x08009ff8       0x44 ./Drivers/STM32F7xx_HAL_Driver/Src/stm32f7xx_ll_sdmmc.o
                0x08009ff8                SDMMC_CmdAppCommand
 .text.SDMMC_CmdAppOperCommand
                0x0800a03c       0x48 ./Drivers/STM32F7xx_HAL_Driver/Src/stm32f7xx_ll_sdmmc.o
                0x0800a03c                SDMMC_CmdAppOperCommand
 .text.SDMMC_CmdSendCID
                0x0800a084       0x3c ./Drivers/STM32F7xx_HAL_Driver/Src/stm32f7xx_ll_sdmmc.o
                0x0800a084                SDMMC_CmdSendCID
 .text.SDMMC_CmdSendCSD
                0x0800a0c0       0x3e ./Drivers/STM32F7xx_HAL_Driver/Src/stm32f7xx_ll_sdmmc.o
                0x0800a0c0                SDMMC_CmdSendCSD
 .text.SDMMC_CmdSetRelAdd
                0x0800a0fe       0x42 ./Drivers/STM32F7xx_HAL_Driver/Src/stm32f7xx_ll_sdmmc.o
                0x0800a0fe                SDMMC_CmdSetRelAdd
 .text.SDMMC_CmdSendStatus
                0x0800a140       0x44 ./Drivers/STM32F7xx_HAL_Driver/Src/stm32f7xx_ll_sdmmc.o
                0x0800a140                SDMMC_CmdSendStatus
 .text.SDMMC_GetCmdResp1
                0x0800a184      0x1dc ./Drivers/STM32F7xx_HAL_Driver/Src/stm32f7xx_ll_sdmmc.o
                0x0800a184                SDMMC_GetCmdResp1
 .text.SDMMC_GetCmdResp2
                0x0800a360       0x90 ./Drivers/STM32F7xx_HAL_Driver/Src/stm32f7xx_ll_sdmmc.o
                0x0800a360                SDMMC_GetCmdResp2
 .text.SDMMC_GetCmdResp3
                0x0800a3f0       0x7c ./Drivers/STM32F7xx_HAL_Driver/Src/stm32f7xx_ll_sdmmc.o
                0x0800a3f0                SDMMC_GetCmdResp3
 .text.SDMMC_GetCmdResp6
                0x0800a46c       0xec ./Drivers/STM32F7xx_HAL_Driver/Src/stm32f7xx_ll_sdmmc.o
                0x0800a46c                SDMMC_GetCmdResp6
 .text.SDMMC_GetCmdResp7
                0x0800a558       0x9c ./Drivers/STM32F7xx_HAL_Driver/Src/stm32f7xx_ll_sdmmc.o
                0x0800a558                SDMMC_GetCmdResp7
 .text.SDMMC_GetCmdError
                0x0800a5f4       0x58 ./Drivers/STM32F7xx_HAL_Driver/Src/stm32f7xx_ll_sdmmc.o
 .text.AUDIO_REC_Start
                0x0800a64c      0x10c ./Drivers/wave_audio/waverecorder.o
                0x0800a64c                AUDIO_REC_Start
 .text.AUDIO_REC_Process
                0x0800a758      0x1ac ./Drivers/wave_audio/waverecorder.o
                0x0800a758                AUDIO_REC_Process
 .text.BSP_AUDIO_IN_TransferComplete_CallBack
                0x0800a904       0x90 ./Drivers/wave_audio/waverecorder.o
                0x0800a904                BSP_AUDIO_IN_TransferComplete_CallBack
 .text.BSP_AUDIO_IN_HalfTransfer_CallBack
                0x0800a994       0x90 ./Drivers/wave_audio/waverecorder.o
                0x0800a994                BSP_AUDIO_IN_HalfTransfer_CallBack
 .text.WavProcess_EncInit
                0x0800aa24       0x80 ./Drivers/wave_audio/waverecorder.o
 .text.WavProcess_HeaderInit
                0x0800aaa4      0x1ae ./Drivers/wave_audio/waverecorder.o
 *fill*         0x0800ac52        0x2 
 .text.WavProcess_HeaderUpdate
                0x0800ac54       0xd0 ./Drivers/wave_audio/waverecorder.o
 .text.MX_FATFS_Init
                0x0800ad24       0x24 ./FATFS/App/fatfs.o
                0x0800ad24                MX_FATFS_Init
 .text.get_fattime
                0x0800ad48       0x10 ./FATFS/App/fatfs.o
                0x0800ad48                get_fattime
 .text.BSP_SD_Init
                0x0800ad58       0x30 ./FATFS/Target/bsp_driver_sd.o
                0x0800ad58                BSP_SD_Init
 .text.BSP_SD_ReadBlocks_DMA
                0x0800ad88       0x34 ./FATFS/Target/bsp_driver_sd.o
                0x0800ad88                BSP_SD_ReadBlocks_DMA
 .text.BSP_SD_WriteBlocks_DMA
                0x0800adbc       0x34 ./FATFS/Target/bsp_driver_sd.o
                0x0800adbc                BSP_SD_WriteBlocks_DMA
 .text.BSP_SD_GetCardState
                0x0800adf0       0x20 ./FATFS/Target/bsp_driver_sd.o
                0x0800adf0                BSP_SD_GetCardState
 .text.BSP_SD_GetCardInfo
                0x0800ae10       0x1c ./FATFS/Target/bsp_driver_sd.o
                0x0800ae10                BSP_SD_GetCardInfo
 .text.HAL_SD_AbortCallback
                0x0800ae2c       0x14 ./FATFS/Target/bsp_driver_sd.o
                0x0800ae2c                HAL_SD_AbortCallback
 .text.HAL_SD_TxCpltCallback
                0x0800ae40       0x14 ./FATFS/Target/bsp_driver_sd.o
                0x0800ae40                HAL_SD_TxCpltCallback
 .text.HAL_SD_RxCpltCallback
                0x0800ae54       0x14 ./FATFS/Target/bsp_driver_sd.o
                0x0800ae54                HAL_SD_RxCpltCallback
 .text.BSP_SD_AbortCallback
                0x0800ae68        0xe ./FATFS/Target/bsp_driver_sd.o
                0x0800ae68                BSP_SD_AbortCallback
 .text.BSP_SD_IsDetected
                0x0800ae76       0x24 ./FATFS/Target/bsp_driver_sd.o
                0x0800ae76                BSP_SD_IsDetected
 *fill*         0x0800ae9a        0x2 
 .text.BSP_PlatformIsDetected
                0x0800ae9c       0x2c ./FATFS/Target/fatfs_platform.o
                0x0800ae9c                BSP_PlatformIsDetected
 .text.SD_CheckStatusWithTimeout
                0x0800aec8       0x3a ./FATFS/Target/sd_diskio.o
 *fill*         0x0800af02        0x2 
 .text.SD_CheckStatus
                0x0800af04       0x3c ./FATFS/Target/sd_diskio.o
 .text.SD_initialize
                0x0800af40       0x38 ./FATFS/Target/sd_diskio.o
                0x0800af40                SD_initialize
 .text.SD_status
                0x0800af78       0x1c ./FATFS/Target/sd_diskio.o
                0x0800af78                SD_status
 .text.SD_read  0x0800af94       0xac ./FATFS/Target/sd_diskio.o
                0x0800af94                SD_read
 .text.SD_write
                0x0800b040       0xac ./FATFS/Target/sd_diskio.o
                0x0800b040                SD_write
 .text.SD_ioctl
                0x0800b0ec       0xb0 ./FATFS/Target/sd_diskio.o
                0x0800b0ec                SD_ioctl
 .text.BSP_SD_WriteCpltCallback
                0x0800b19c       0x18 ./FATFS/Target/sd_diskio.o
                0x0800b19c                BSP_SD_WriteCpltCallback
 .text.BSP_SD_ReadCpltCallback
                0x0800b1b4       0x18 ./FATFS/Target/sd_diskio.o
                0x0800b1b4                BSP_SD_ReadCpltCallback
 .text.disk_status
                0x0800b1cc       0x34 ./Middlewares/Third_Party/FatFs/src/diskio.o
                0x0800b1cc                disk_status
 .text.disk_initialize
                0x0800b200       0x4c ./Middlewares/Third_Party/FatFs/src/diskio.o
                0x0800b200                disk_initialize
 .text.disk_read
                0x0800b24c       0x40 ./Middlewares/Third_Party/FatFs/src/diskio.o
                0x0800b24c                disk_read
 .text.disk_write
                0x0800b28c       0x40 ./Middlewares/Third_Party/FatFs/src/diskio.o
                0x0800b28c                disk_write
 .text.disk_ioctl
                0x0800b2cc       0x3c ./Middlewares/Third_Party/FatFs/src/diskio.o
                0x0800b2cc                disk_ioctl
 .text.ld_word  0x0800b308       0x30 ./Middlewares/Third_Party/FatFs/src/ff.o
 .text.ld_dword
                0x0800b338       0x46 ./Middlewares/Third_Party/FatFs/src/ff.o
 .text.st_word  0x0800b37e       0x36 ./Middlewares/Third_Party/FatFs/src/ff.o
 .text.st_dword
                0x0800b3b4       0x58 ./Middlewares/Third_Party/FatFs/src/ff.o
 .text.mem_cpy  0x0800b40c       0x42 ./Middlewares/Third_Party/FatFs/src/ff.o
 .text.mem_set  0x0800b44e       0x36 ./Middlewares/Third_Party/FatFs/src/ff.o
 .text.mem_cmp  0x0800b484       0x4e ./Middlewares/Third_Party/FatFs/src/ff.o
 .text.chk_chr  0x0800b4d2       0x36 ./Middlewares/Third_Party/FatFs/src/ff.o
 .text.chk_lock
                0x0800b508       0xb8 ./Middlewares/Third_Party/FatFs/src/ff.o
 .text.enq_lock
                0x0800b5c0       0x44 ./Middlewares/Third_Party/FatFs/src/ff.o
 .text.inc_lock
                0x0800b604      0x11c ./Middlewares/Third_Party/FatFs/src/ff.o
 .text.dec_lock
                0x0800b720       0x78 ./Middlewares/Third_Party/FatFs/src/ff.o
 .text.clear_lock
                0x0800b798       0x48 ./Middlewares/Third_Party/FatFs/src/ff.o
 .text.sync_window
                0x0800b7e0       0x88 ./Middlewares/Third_Party/FatFs/src/ff.o
 .text.move_window
                0x0800b868       0x5a ./Middlewares/Third_Party/FatFs/src/ff.o
 *fill*         0x0800b8c2        0x2 
 .text.sync_fs  0x0800b8c4       0xdc ./Middlewares/Third_Party/FatFs/src/ff.o
 .text.clust2sect
                0x0800b9a0       0x3e ./Middlewares/Third_Party/FatFs/src/ff.o
 .text.get_fat  0x0800b9de      0x14e ./Middlewares/Third_Party/FatFs/src/ff.o
 .text.put_fat  0x0800bb2c      0x1d4 ./Middlewares/Third_Party/FatFs/src/ff.o
 .text.remove_chain
                0x0800bd00       0xca ./Middlewares/Third_Party/FatFs/src/ff.o
 .text.create_chain
                0x0800bdca      0x130 ./Middlewares/Third_Party/FatFs/src/ff.o
 .text.clmt_clust
                0x0800befa       0x68 ./Middlewares/Third_Party/FatFs/src/ff.o
 .text.dir_sdi  0x0800bf62       0xf6 ./Middlewares/Third_Party/FatFs/src/ff.o
 .text.dir_next
                0x0800c058      0x18a ./Middlewares/Third_Party/FatFs/src/ff.o
 .text.dir_alloc
                0x0800c1e2       0x8e ./Middlewares/Third_Party/FatFs/src/ff.o
 .text.ld_clust
                0x0800c270       0x3e ./Middlewares/Third_Party/FatFs/src/ff.o
 .text.st_clust
                0x0800c2ae       0x40 ./Middlewares/Third_Party/FatFs/src/ff.o
 .text.dir_find
                0x0800c2ee       0xaa ./Middlewares/Third_Party/FatFs/src/ff.o
 .text.dir_register
                0x0800c398       0x64 ./Middlewares/Third_Party/FatFs/src/ff.o
 .text.create_name
                0x0800c3fc      0x128 ./Middlewares/Third_Party/FatFs/src/ff.o
 .text.follow_path
                0x0800c524       0xe2 ./Middlewares/Third_Party/FatFs/src/ff.o
 .text.get_ldnumber
                0x0800c606       0x88 ./Middlewares/Third_Party/FatFs/src/ff.o
 *fill*         0x0800c68e        0x2 
 .text.check_fs
                0x0800c690       0xac ./Middlewares/Third_Party/FatFs/src/ff.o
 .text.find_volume
                0x0800c73c      0x498 ./Middlewares/Third_Party/FatFs/src/ff.o
 .text.validate
                0x0800cbd4       0x6a ./Middlewares/Third_Party/FatFs/src/ff.o
 *fill*         0x0800cc3e        0x2 
 .text.f_mount  0x0800cc40       0x8c ./Middlewares/Third_Party/FatFs/src/ff.o
                0x0800cc40                f_mount
 .text.f_open   0x0800cccc      0x374 ./Middlewares/Third_Party/FatFs/src/ff.o
                0x0800cccc                f_open
 .text.f_read   0x0800d040      0x27e ./Middlewares/Third_Party/FatFs/src/ff.o
                0x0800d040                f_read
 .text.f_write  0x0800d2be      0x2ea ./Middlewares/Third_Party/FatFs/src/ff.o
                0x0800d2be                f_write
 .text.f_sync   0x0800d5a8       0xfc ./Middlewares/Third_Party/FatFs/src/ff.o
                0x0800d5a8                f_sync
 .text.f_close  0x0800d6a4       0x54 ./Middlewares/Third_Party/FatFs/src/ff.o
                0x0800d6a4                f_close
 .text.f_lseek  0x0800d6f8      0x412 ./Middlewares/Third_Party/FatFs/src/ff.o
                0x0800d6f8                f_lseek
 *fill*         0x0800db0a        0x2 
 .text.f_mkfs   0x0800db0c      0x858 ./Middlewares/Third_Party/FatFs/src/ff.o
                0x0800db0c                f_mkfs
 .text.FATFS_LinkDriverEx
                0x0800e364       0x98 ./Middlewares/Third_Party/FatFs/src/ff_gen_drv.o
                0x0800e364                FATFS_LinkDriverEx
 .text.FATFS_LinkDriver
                0x0800e3fc       0x1e ./Middlewares/Third_Party/FatFs/src/ff_gen_drv.o
                0x0800e3fc                FATFS_LinkDriver
 .text.__cvt    0x0800e41a       0xca C:/ST/STM32CubeIDE_1.17.0/STM32CubeIDE/plugins/com.st.stm32cube.ide.mcu.externaltools.gnu-tools-for-stm32.12.3.rel1.win32_1.1.0.202410251130/tools/bin/../lib/gcc/arm-none-eabi/12.3.1/../../../../arm-none-eabi/lib/thumb/v7e-m+fp/hard\libc_nano.a(libc_a-nano-vfprintf_float.o)
                0x0800e41a                __cvt
 .text.__exponent
                0x0800e4e4       0x74 C:/ST/STM32CubeIDE_1.17.0/STM32CubeIDE/plugins/com.st.stm32cube.ide.mcu.externaltools.gnu-tools-for-stm32.12.3.rel1.win32_1.1.0.202410251130/tools/bin/../lib/gcc/arm-none-eabi/12.3.1/../../../../arm-none-eabi/lib/thumb/v7e-m+fp/hard\libc_nano.a(libc_a-nano-vfprintf_float.o)
                0x0800e4e4                __exponent
 .text._printf_float
                0x0800e558      0x454 C:/ST/STM32CubeIDE_1.17.0/STM32CubeIDE/plugins/com.st.stm32cube.ide.mcu.externaltools.gnu-tools-for-stm32.12.3.rel1.win32_1.1.0.202410251130/tools/bin/../lib/gcc/arm-none-eabi/12.3.1/../../../../arm-none-eabi/lib/thumb/v7e-m+fp/hard\libc_nano.a(libc_a-nano-vfprintf_float.o)
                0x0800e558                _printf_float
 .text._printf_common
                0x0800e9ac       0xda C:/ST/STM32CubeIDE_1.17.0/STM32CubeIDE/plugins/com.st.stm32cube.ide.mcu.externaltools.gnu-tools-for-stm32.12.3.rel1.win32_1.1.0.202410251130/tools/bin/../lib/gcc/arm-none-eabi/12.3.1/../../../../arm-none-eabi/lib/thumb/v7e-m+fp/hard\libc_nano.a(libc_a-nano-vfprintf_i.o)
                0x0800e9ac                _printf_common
 *fill*         0x0800ea86        0x2 
 .text._printf_i
                0x0800ea88      0x240 C:/ST/STM32CubeIDE_1.17.0/STM32CubeIDE/plugins/com.st.stm32cube.ide.mcu.externaltools.gnu-tools-for-stm32.12.3.rel1.win32_1.1.0.202410251130/tools/bin/../lib/gcc/arm-none-eabi/12.3.1/../../../../arm-none-eabi/lib/thumb/v7e-m+fp/hard\libc_nano.a(libc_a-nano-vfprintf_i.o)
                0x0800ea88                _printf_i
 .text.std      0x0800ecc8       0x6c C:/ST/STM32CubeIDE_1.17.0/STM32CubeIDE/plugins/com.st.stm32cube.ide.mcu.externaltools.gnu-tools-for-stm32.12.3.rel1.win32_1.1.0.202410251130/tools/bin/../lib/gcc/arm-none-eabi/12.3.1/../../../../arm-none-eabi/lib/thumb/v7e-m+fp/hard\libc_nano.a(libc_a-findfp.o)
 .text.stdio_exit_handler
                0x0800ed34       0x18 C:/ST/STM32CubeIDE_1.17.0/STM32CubeIDE/plugins/com.st.stm32cube.ide.mcu.externaltools.gnu-tools-for-stm32.12.3.rel1.win32_1.1.0.202410251130/tools/bin/../lib/gcc/arm-none-eabi/12.3.1/../../../../arm-none-eabi/lib/thumb/v7e-m+fp/hard\libc_nano.a(libc_a-findfp.o)
 .text.cleanup_stdio
                0x0800ed4c       0x40 C:/ST/STM32CubeIDE_1.17.0/STM32CubeIDE/plugins/com.st.stm32cube.ide.mcu.externaltools.gnu-tools-for-stm32.12.3.rel1.win32_1.1.0.202410251130/tools/bin/../lib/gcc/arm-none-eabi/12.3.1/../../../../arm-none-eabi/lib/thumb/v7e-m+fp/hard\libc_nano.a(libc_a-findfp.o)
 .text.global_stdio_init.part.0
                0x0800ed8c       0x3c C:/ST/STM32CubeIDE_1.17.0/STM32CubeIDE/plugins/com.st.stm32cube.ide.mcu.externaltools.gnu-tools-for-stm32.12.3.rel1.win32_1.1.0.202410251130/tools/bin/../lib/gcc/arm-none-eabi/12.3.1/../../../../arm-none-eabi/lib/thumb/v7e-m+fp/hard\libc_nano.a(libc_a-findfp.o)
 .text.__sfp_lock_acquire
                0x0800edc8        0xc C:/ST/STM32CubeIDE_1.17.0/STM32CubeIDE/plugins/com.st.stm32cube.ide.mcu.externaltools.gnu-tools-for-stm32.12.3.rel1.win32_1.1.0.202410251130/tools/bin/../lib/gcc/arm-none-eabi/12.3.1/../../../../arm-none-eabi/lib/thumb/v7e-m+fp/hard\libc_nano.a(libc_a-findfp.o)
                0x0800edc8                __sfp_lock_acquire
 .text.__sfp_lock_release
                0x0800edd4        0xc C:/ST/STM32CubeIDE_1.17.0/STM32CubeIDE/plugins/com.st.stm32cube.ide.mcu.externaltools.gnu-tools-for-stm32.12.3.rel1.win32_1.1.0.202410251130/tools/bin/../lib/gcc/arm-none-eabi/12.3.1/../../../../arm-none-eabi/lib/thumb/v7e-m+fp/hard\libc_nano.a(libc_a-findfp.o)
                0x0800edd4                __sfp_lock_release
 .text.__sinit  0x0800ede0       0x30 C:/ST/STM32CubeIDE_1.17.0/STM32CubeIDE/plugins/com.st.stm32cube.ide.mcu.externaltools.gnu-tools-for-stm32.12.3.rel1.win32_1.1.0.202410251130/tools/bin/../lib/gcc/arm-none-eabi/12.3.1/../../../../arm-none-eabi/lib/thumb/v7e-m+fp/hard\libc_nano.a(libc_a-findfp.o)
                0x0800ede0                __sinit
 .text._fwalk_sglue
                0x0800ee10       0x3c C:/ST/STM32CubeIDE_1.17.0/STM32CubeIDE/plugins/com.st.stm32cube.ide.mcu.externaltools.gnu-tools-for-stm32.12.3.rel1.win32_1.1.0.202410251130/tools/bin/../lib/gcc/arm-none-eabi/12.3.1/../../../../arm-none-eabi/lib/thumb/v7e-m+fp/hard\libc_nano.a(libc_a-fwalk.o)
                0x0800ee10                _fwalk_sglue
 .text.printf   0x0800ee4c       0x24 C:/ST/STM32CubeIDE_1.17.0/STM32CubeIDE/plugins/com.st.stm32cube.ide.mcu.externaltools.gnu-tools-for-stm32.12.3.rel1.win32_1.1.0.202410251130/tools/bin/../lib/gcc/arm-none-eabi/12.3.1/../../../../arm-none-eabi/lib/thumb/v7e-m+fp/hard\libc_nano.a(libc_a-printf.o)
                0x0800ee4c                iprintf
                0x0800ee4c                printf
 .text._puts_r  0x0800ee70       0xaa C:/ST/STM32CubeIDE_1.17.0/STM32CubeIDE/plugins/com.st.stm32cube.ide.mcu.externaltools.gnu-tools-for-stm32.12.3.rel1.win32_1.1.0.202410251130/tools/bin/../lib/gcc/arm-none-eabi/12.3.1/../../../../arm-none-eabi/lib/thumb/v7e-m+fp/hard\libc_nano.a(libc_a-puts.o)
                0x0800ee70                _puts_r
 *fill*         0x0800ef1a        0x2 
 .text.puts     0x0800ef1c       0x10 C:/ST/STM32CubeIDE_1.17.0/STM32CubeIDE/plugins/com.st.stm32cube.ide.mcu.externaltools.gnu-tools-for-stm32.12.3.rel1.win32_1.1.0.202410251130/tools/bin/../lib/gcc/arm-none-eabi/12.3.1/../../../../arm-none-eabi/lib/thumb/v7e-m+fp/hard\libc_nano.a(libc_a-puts.o)
                0x0800ef1c                puts
 .text.__sread  0x0800ef2c       0x22 C:/ST/STM32CubeIDE_1.17.0/STM32CubeIDE/plugins/com.st.stm32cube.ide.mcu.externaltools.gnu-tools-for-stm32.12.3.rel1.win32_1.1.0.202410251130/tools/bin/../lib/gcc/arm-none-eabi/12.3.1/../../../../arm-none-eabi/lib/thumb/v7e-m+fp/hard\libc_nano.a(libc_a-stdio.o)
                0x0800ef2c                __sread
 .text.__swrite
                0x0800ef4e       0x38 C:/ST/STM32CubeIDE_1.17.0/STM32CubeIDE/plugins/com.st.stm32cube.ide.mcu.externaltools.gnu-tools-for-stm32.12.3.rel1.win32_1.1.0.202410251130/tools/bin/../lib/gcc/arm-none-eabi/12.3.1/../../../../arm-none-eabi/lib/thumb/v7e-m+fp/hard\libc_nano.a(libc_a-stdio.o)
                0x0800ef4e                __swrite
 .text.__sseek  0x0800ef86       0x24 C:/ST/STM32CubeIDE_1.17.0/STM32CubeIDE/plugins/com.st.stm32cube.ide.mcu.externaltools.gnu-tools-for-stm32.12.3.rel1.win32_1.1.0.202410251130/tools/bin/../lib/gcc/arm-none-eabi/12.3.1/../../../../arm-none-eabi/lib/thumb/v7e-m+fp/hard\libc_nano.a(libc_a-stdio.o)
                0x0800ef86                __sseek
 .text.__sclose
                0x0800efaa        0x8 C:/ST/STM32CubeIDE_1.17.0/STM32CubeIDE/plugins/com.st.stm32cube.ide.mcu.externaltools.gnu-tools-for-stm32.12.3.rel1.win32_1.1.0.202410251130/tools/bin/../lib/gcc/arm-none-eabi/12.3.1/../../../../arm-none-eabi/lib/thumb/v7e-m+fp/hard\libc_nano.a(libc_a-stdio.o)
                0x0800efaa                __sclose
 .text.__swbuf_r
                0x0800efb2       0x7c C:/ST/STM32CubeIDE_1.17.0/STM32CubeIDE/plugins/com.st.stm32cube.ide.mcu.externaltools.gnu-tools-for-stm32.12.3.rel1.win32_1.1.0.202410251130/tools/bin/../lib/gcc/arm-none-eabi/12.3.1/../../../../arm-none-eabi/lib/thumb/v7e-m+fp/hard\libc_nano.a(libc_a-wbuf.o)
                0x0800efb2                __swbuf_r
 *fill*         0x0800f02e        0x2 
 .text.__swsetup_r
                0x0800f030       0xac C:/ST/STM32CubeIDE_1.17.0/STM32CubeIDE/plugins/com.st.stm32cube.ide.mcu.externaltools.gnu-tools-for-stm32.12.3.rel1.win32_1.1.0.202410251130/tools/bin/../lib/gcc/arm-none-eabi/12.3.1/../../../../arm-none-eabi/lib/thumb/v7e-m+fp/hard\libc_nano.a(libc_a-wsetup.o)
                0x0800f030                __swsetup_r
 .text.memset   0x0800f0dc       0x10 C:/ST/STM32CubeIDE_1.17.0/STM32CubeIDE/plugins/com.st.stm32cube.ide.mcu.externaltools.gnu-tools-for-stm32.12.3.rel1.win32_1.1.0.202410251130/tools/bin/../lib/gcc/arm-none-eabi/12.3.1/../../../../arm-none-eabi/lib/thumb/v7e-m+fp/hard\libc_nano.a(libc_a-memset.o)
                0x0800f0dc                memset
 .text._localeconv_r
                0x0800f0ec        0x8 C:/ST/STM32CubeIDE_1.17.0/STM32CubeIDE/plugins/com.st.stm32cube.ide.mcu.externaltools.gnu-tools-for-stm32.12.3.rel1.win32_1.1.0.202410251130/tools/bin/../lib/gcc/arm-none-eabi/12.3.1/../../../../arm-none-eabi/lib/thumb/v7e-m+fp/hard\libc_nano.a(libc_a-localeconv.o)
                0x0800f0ec                _localeconv_r
 .text._close_r
                0x0800f0f4       0x20 C:/ST/STM32CubeIDE_1.17.0/STM32CubeIDE/plugins/com.st.stm32cube.ide.mcu.externaltools.gnu-tools-for-stm32.12.3.rel1.win32_1.1.0.202410251130/tools/bin/../lib/gcc/arm-none-eabi/12.3.1/../../../../arm-none-eabi/lib/thumb/v7e-m+fp/hard\libc_nano.a(libc_a-closer.o)
                0x0800f0f4                _close_r
 .text._lseek_r
                0x0800f114       0x24 C:/ST/STM32CubeIDE_1.17.0/STM32CubeIDE/plugins/com.st.stm32cube.ide.mcu.externaltools.gnu-tools-for-stm32.12.3.rel1.win32_1.1.0.202410251130/tools/bin/../lib/gcc/arm-none-eabi/12.3.1/../../../../arm-none-eabi/lib/thumb/v7e-m+fp/hard\libc_nano.a(libc_a-lseekr.o)
                0x0800f114                _lseek_r
 .text._read_r  0x0800f138       0x24 C:/ST/STM32CubeIDE_1.17.0/STM32CubeIDE/plugins/com.st.stm32cube.ide.mcu.externaltools.gnu-tools-for-stm32.12.3.rel1.win32_1.1.0.202410251130/tools/bin/../lib/gcc/arm-none-eabi/12.3.1/../../../../arm-none-eabi/lib/thumb/v7e-m+fp/hard\libc_nano.a(libc_a-readr.o)
                0x0800f138                _read_r
 .text._write_r
                0x0800f15c       0x24 C:/ST/STM32CubeIDE_1.17.0/STM32CubeIDE/plugins/com.st.stm32cube.ide.mcu.externaltools.gnu-tools-for-stm32.12.3.rel1.win32_1.1.0.202410251130/tools/bin/../lib/gcc/arm-none-eabi/12.3.1/../../../../arm-none-eabi/lib/thumb/v7e-m+fp/hard\libc_nano.a(libc_a-writer.o)
                0x0800f15c                _write_r
 .text.__errno  0x0800f180        0xc C:/ST/STM32CubeIDE_1.17.0/STM32CubeIDE/plugins/com.st.stm32cube.ide.mcu.externaltools.gnu-tools-for-stm32.12.3.rel1.win32_1.1.0.202410251130/tools/bin/../lib/gcc/arm-none-eabi/12.3.1/../../../../arm-none-eabi/lib/thumb/v7e-m+fp/hard\libc_nano.a(libc_a-errno.o)
                0x0800f180                __errno
 .text.__libc_init_array
                0x0800f18c       0x48 C:/ST/STM32CubeIDE_1.17.0/STM32CubeIDE/plugins/com.st.stm32cube.ide.mcu.externaltools.gnu-tools-for-stm32.12.3.rel1.win32_1.1.0.202410251130/tools/bin/../lib/gcc/arm-none-eabi/12.3.1/../../../../arm-none-eabi/lib/thumb/v7e-m+fp/hard\libc_nano.a(libc_a-init.o)
                0x0800f18c                __libc_init_array
 .text.__retarget_lock_init_recursive
                0x0800f1d4        0x2 C:/ST/STM32CubeIDE_1.17.0/STM32CubeIDE/plugins/com.st.stm32cube.ide.mcu.externaltools.gnu-tools-for-stm32.12.3.rel1.win32_1.1.0.202410251130/tools/bin/../lib/gcc/arm-none-eabi/12.3.1/../../../../arm-none-eabi/lib/thumb/v7e-m+fp/hard\libc_nano.a(libc_a-lock.o)
                0x0800f1d4                __retarget_lock_init_recursive
 .text.__retarget_lock_acquire_recursive
                0x0800f1d6        0x2 C:/ST/STM32CubeIDE_1.17.0/STM32CubeIDE/plugins/com.st.stm32cube.ide.mcu.externaltools.gnu-tools-for-stm32.12.3.rel1.win32_1.1.0.202410251130/tools/bin/../lib/gcc/arm-none-eabi/12.3.1/../../../../arm-none-eabi/lib/thumb/v7e-m+fp/hard\libc_nano.a(libc_a-lock.o)
                0x0800f1d6                __retarget_lock_acquire_recursive
 .text.__retarget_lock_release_recursive
                0x0800f1d8        0x2 C:/ST/STM32CubeIDE_1.17.0/STM32CubeIDE/plugins/com.st.stm32cube.ide.mcu.externaltools.gnu-tools-for-stm32.12.3.rel1.win32_1.1.0.202410251130/tools/bin/../lib/gcc/arm-none-eabi/12.3.1/../../../../arm-none-eabi/lib/thumb/v7e-m+fp/hard\libc_nano.a(libc_a-lock.o)
                0x0800f1d8                __retarget_lock_release_recursive
 .text.quorem   0x0800f1da      0x110 C:/ST/STM32CubeIDE_1.17.0/STM32CubeIDE/plugins/com.st.stm32cube.ide.mcu.externaltools.gnu-tools-for-stm32.12.3.rel1.win32_1.1.0.202410251130/tools/bin/../lib/gcc/arm-none-eabi/12.3.1/../../../../arm-none-eabi/lib/thumb/v7e-m+fp/hard\libc_nano.a(libc_a-dtoa.o)
 *fill*         0x0800f2ea        0x6 
 .text._dtoa_r  0x0800f2f0      0xb88 C:/ST/STM32CubeIDE_1.17.0/STM32CubeIDE/plugins/com.st.stm32cube.ide.mcu.externaltools.gnu-tools-for-stm32.12.3.rel1.win32_1.1.0.202410251130/tools/bin/../lib/gcc/arm-none-eabi/12.3.1/../../../../arm-none-eabi/lib/thumb/v7e-m+fp/hard\libc_nano.a(libc_a-dtoa.o)
                0x0800f2f0                _dtoa_r
 .text._free_r  0x0800fe78       0x94 C:/ST/STM32CubeIDE_1.17.0/STM32CubeIDE/plugins/com.st.stm32cube.ide.mcu.externaltools.gnu-tools-for-stm32.12.3.rel1.win32_1.1.0.202410251130/tools/bin/../lib/gcc/arm-none-eabi/12.3.1/../../../../arm-none-eabi/lib/thumb/v7e-m+fp/hard\libc_nano.a(libc_a-freer.o)
                0x0800fe78                _free_r
 .text.malloc   0x0800ff0c       0x10 C:/ST/STM32CubeIDE_1.17.0/STM32CubeIDE/plugins/com.st.stm32cube.ide.mcu.externaltools.gnu-tools-for-stm32.12.3.rel1.win32_1.1.0.202410251130/tools/bin/../lib/gcc/arm-none-eabi/12.3.1/../../../../arm-none-eabi/lib/thumb/v7e-m+fp/hard\libc_nano.a(libc_a-malloc.o)
                0x0800ff0c                malloc
 .text.sbrk_aligned
                0x0800ff1c       0x44 C:/ST/STM32CubeIDE_1.17.0/STM32CubeIDE/plugins/com.st.stm32cube.ide.mcu.externaltools.gnu-tools-for-stm32.12.3.rel1.win32_1.1.0.202410251130/tools/bin/../lib/gcc/arm-none-eabi/12.3.1/../../../../arm-none-eabi/lib/thumb/v7e-m+fp/hard\libc_nano.a(libc_a-mallocr.o)
 .text._malloc_r
                0x0800ff60      0x100 C:/ST/STM32CubeIDE_1.17.0/STM32CubeIDE/plugins/com.st.stm32cube.ide.mcu.externaltools.gnu-tools-for-stm32.12.3.rel1.win32_1.1.0.202410251130/tools/bin/../lib/gcc/arm-none-eabi/12.3.1/../../../../arm-none-eabi/lib/thumb/v7e-m+fp/hard\libc_nano.a(libc_a-mallocr.o)
                0x0800ff60                _malloc_r
 .text.__malloc_lock
                0x08010060        0xc C:/ST/STM32CubeIDE_1.17.0/STM32CubeIDE/plugins/com.st.stm32cube.ide.mcu.externaltools.gnu-tools-for-stm32.12.3.rel1.win32_1.1.0.202410251130/tools/bin/../lib/gcc/arm-none-eabi/12.3.1/../../../../arm-none-eabi/lib/thumb/v7e-m+fp/hard\libc_nano.a(libc_a-mlock.o)
                0x08010060                __malloc_lock
 .text.__malloc_unlock
                0x0801006c        0xc C:/ST/STM32CubeIDE_1.17.0/STM32CubeIDE/plugins/com.st.stm32cube.ide.mcu.externaltools.gnu-tools-for-stm32.12.3.rel1.win32_1.1.0.202410251130/tools/bin/../lib/gcc/arm-none-eabi/12.3.1/../../../../arm-none-eabi/lib/thumb/v7e-m+fp/hard\libc_nano.a(libc_a-mlock.o)
                0x0801006c                __malloc_unlock
 .text._Balloc  0x08010078       0x80 C:/ST/STM32CubeIDE_1.17.0/STM32CubeIDE/plugins/com.st.stm32cube.ide.mcu.externaltools.gnu-tools-for-stm32.12.3.rel1.win32_1.1.0.202410251130/tools/bin/../lib/gcc/arm-none-eabi/12.3.1/../../../../arm-none-eabi/lib/thumb/v7e-m+fp/hard\libc_nano.a(libc_a-mprec.o)
                0x08010078                _Balloc
 .text._Bfree   0x080100f8       0x44 C:/ST/STM32CubeIDE_1.17.0/STM32CubeIDE/plugins/com.st.stm32cube.ide.mcu.externaltools.gnu-tools-for-stm32.12.3.rel1.win32_1.1.0.202410251130/tools/bin/../lib/gcc/arm-none-eabi/12.3.1/../../../../arm-none-eabi/lib/thumb/v7e-m+fp/hard\libc_nano.a(libc_a-mprec.o)
                0x080100f8                _Bfree
 .text.__multadd
                0x0801013c       0x8c C:/ST/STM32CubeIDE_1.17.0/STM32CubeIDE/plugins/com.st.stm32cube.ide.mcu.externaltools.gnu-tools-for-stm32.12.3.rel1.win32_1.1.0.202410251130/tools/bin/../lib/gcc/arm-none-eabi/12.3.1/../../../../arm-none-eabi/lib/thumb/v7e-m+fp/hard\libc_nano.a(libc_a-mprec.o)
                0x0801013c                __multadd
 .text.__hi0bits
                0x080101c8       0x3e C:/ST/STM32CubeIDE_1.17.0/STM32CubeIDE/plugins/com.st.stm32cube.ide.mcu.externaltools.gnu-tools-for-stm32.12.3.rel1.win32_1.1.0.202410251130/tools/bin/../lib/gcc/arm-none-eabi/12.3.1/../../../../arm-none-eabi/lib/thumb/v7e-m+fp/hard\libc_nano.a(libc_a-mprec.o)
                0x080101c8                __hi0bits
 .text.__lo0bits
                0x08010206       0x5a C:/ST/STM32CubeIDE_1.17.0/STM32CubeIDE/plugins/com.st.stm32cube.ide.mcu.externaltools.gnu-tools-for-stm32.12.3.rel1.win32_1.1.0.202410251130/tools/bin/../lib/gcc/arm-none-eabi/12.3.1/../../../../arm-none-eabi/lib/thumb/v7e-m+fp/hard\libc_nano.a(libc_a-mprec.o)
                0x08010206                __lo0bits
 .text.__i2b    0x08010260       0x2c C:/ST/STM32CubeIDE_1.17.0/STM32CubeIDE/plugins/com.st.stm32cube.ide.mcu.externaltools.gnu-tools-for-stm32.12.3.rel1.win32_1.1.0.202410251130/tools/bin/../lib/gcc/arm-none-eabi/12.3.1/../../../../arm-none-eabi/lib/thumb/v7e-m+fp/hard\libc_nano.a(libc_a-mprec.o)
                0x08010260                __i2b
 .text.__multiply
                0x0801028c      0x154 C:/ST/STM32CubeIDE_1.17.0/STM32CubeIDE/plugins/com.st.stm32cube.ide.mcu.externaltools.gnu-tools-for-stm32.12.3.rel1.win32_1.1.0.202410251130/tools/bin/../lib/gcc/arm-none-eabi/12.3.1/../../../../arm-none-eabi/lib/thumb/v7e-m+fp/hard\libc_nano.a(libc_a-mprec.o)
                0x0801028c                __multiply
 .text.__pow5mult
                0x080103e0       0xb4 C:/ST/STM32CubeIDE_1.17.0/STM32CubeIDE/plugins/com.st.stm32cube.ide.mcu.externaltools.gnu-tools-for-stm32.12.3.rel1.win32_1.1.0.202410251130/tools/bin/../lib/gcc/arm-none-eabi/12.3.1/../../../../arm-none-eabi/lib/thumb/v7e-m+fp/hard\libc_nano.a(libc_a-mprec.o)
                0x080103e0                __pow5mult
 .text.__lshift
                0x08010494       0xd8 C:/ST/STM32CubeIDE_1.17.0/STM32CubeIDE/plugins/com.st.stm32cube.ide.mcu.externaltools.gnu-tools-for-stm32.12.3.rel1.win32_1.1.0.202410251130/tools/bin/../lib/gcc/arm-none-eabi/12.3.1/../../../../arm-none-eabi/lib/thumb/v7e-m+fp/hard\libc_nano.a(libc_a-mprec.o)
                0x08010494                __lshift
 .text.__mcmp   0x0801056c       0x36 C:/ST/STM32CubeIDE_1.17.0/STM32CubeIDE/plugins/com.st.stm32cube.ide.mcu.externaltools.gnu-tools-for-stm32.12.3.rel1.win32_1.1.0.202410251130/tools/bin/../lib/gcc/arm-none-eabi/12.3.1/../../../../arm-none-eabi/lib/thumb/v7e-m+fp/hard\libc_nano.a(libc_a-mprec.o)
                0x0801056c                __mcmp
 *fill*         0x080105a2        0x2 
 .text.__mdiff  0x080105a4      0x128 C:/ST/STM32CubeIDE_1.17.0/STM32CubeIDE/plugins/com.st.stm32cube.ide.mcu.externaltools.gnu-tools-for-stm32.12.3.rel1.win32_1.1.0.202410251130/tools/bin/../lib/gcc/arm-none-eabi/12.3.1/../../../../arm-none-eabi/lib/thumb/v7e-m+fp/hard\libc_nano.a(libc_a-mprec.o)
                0x080105a4                __mdiff
 .text.__d2b    0x080106cc       0xb0 C:/ST/STM32CubeIDE_1.17.0/STM32CubeIDE/plugins/com.st.stm32cube.ide.mcu.externaltools.gnu-tools-for-stm32.12.3.rel1.win32_1.1.0.202410251130/tools/bin/../lib/gcc/arm-none-eabi/12.3.1/../../../../arm-none-eabi/lib/thumb/v7e-m+fp/hard\libc_nano.a(libc_a-mprec.o)
                0x080106cc                __d2b
 .text.__sfputc_r
                0x0801077c       0x2e C:/ST/STM32CubeIDE_1.17.0/STM32CubeIDE/plugins/com.st.stm32cube.ide.mcu.externaltools.gnu-tools-for-stm32.12.3.rel1.win32_1.1.0.202410251130/tools/bin/../lib/gcc/arm-none-eabi/12.3.1/../../../../arm-none-eabi/lib/thumb/v7e-m+fp/hard\libc_nano.a(libc_a-nano-vfprintf.o)
 .text.__sfputs_r
                0x080107aa       0x24 C:/ST/STM32CubeIDE_1.17.0/STM32CubeIDE/plugins/com.st.stm32cube.ide.mcu.externaltools.gnu-tools-for-stm32.12.3.rel1.win32_1.1.0.202410251130/tools/bin/../lib/gcc/arm-none-eabi/12.3.1/../../../../arm-none-eabi/lib/thumb/v7e-m+fp/hard\libc_nano.a(libc_a-nano-vfprintf.o)
                0x080107aa                __sfputs_r
 *fill*         0x080107ce        0x2 
 .text._vfprintf_r
                0x080107d0      0x230 C:/ST/STM32CubeIDE_1.17.0/STM32CubeIDE/plugins/com.st.stm32cube.ide.mcu.externaltools.gnu-tools-for-stm32.12.3.rel1.win32_1.1.0.202410251130/tools/bin/../lib/gcc/arm-none-eabi/12.3.1/../../../../arm-none-eabi/lib/thumb/v7e-m+fp/hard\libc_nano.a(libc_a-nano-vfprintf.o)
                0x080107d0                _vfprintf_r
                0x080107d0                _vfiprintf_r
 .text.__sflush_r
                0x08010a00      0x108 C:/ST/STM32CubeIDE_1.17.0/STM32CubeIDE/plugins/com.st.stm32cube.ide.mcu.externaltools.gnu-tools-for-stm32.12.3.rel1.win32_1.1.0.202410251130/tools/bin/../lib/gcc/arm-none-eabi/12.3.1/../../../../arm-none-eabi/lib/thumb/v7e-m+fp/hard\libc_nano.a(libc_a-fflush.o)
                0x08010a00                __sflush_r
 .text._fflush_r
                0x08010b08       0x50 C:/ST/STM32CubeIDE_1.17.0/STM32CubeIDE/plugins/com.st.stm32cube.ide.mcu.externaltools.gnu-tools-for-stm32.12.3.rel1.win32_1.1.0.202410251130/tools/bin/../lib/gcc/arm-none-eabi/12.3.1/../../../../arm-none-eabi/lib/thumb/v7e-m+fp/hard\libc_nano.a(libc_a-fflush.o)
                0x08010b08                _fflush_r
 .text.__swhatbuf_r
                0x08010b58       0x4c C:/ST/STM32CubeIDE_1.17.0/STM32CubeIDE/plugins/com.st.stm32cube.ide.mcu.externaltools.gnu-tools-for-stm32.12.3.rel1.win32_1.1.0.202410251130/tools/bin/../lib/gcc/arm-none-eabi/12.3.1/../../../../arm-none-eabi/lib/thumb/v7e-m+fp/hard\libc_nano.a(libc_a-makebuf.o)
                0x08010b58                __swhatbuf_r
 .text.__smakebuf_r
                0x08010ba4       0x78 C:/ST/STM32CubeIDE_1.17.0/STM32CubeIDE/plugins/com.st.stm32cube.ide.mcu.externaltools.gnu-tools-for-stm32.12.3.rel1.win32_1.1.0.202410251130/tools/bin/../lib/gcc/arm-none-eabi/12.3.1/../../../../arm-none-eabi/lib/thumb/v7e-m+fp/hard\libc_nano.a(libc_a-makebuf.o)
                0x08010ba4                __smakebuf_r
 .text._fstat_r
                0x08010c1c       0x24 C:/ST/STM32CubeIDE_1.17.0/STM32CubeIDE/plugins/com.st.stm32cube.ide.mcu.externaltools.gnu-tools-for-stm32.12.3.rel1.win32_1.1.0.202410251130/tools/bin/../lib/gcc/arm-none-eabi/12.3.1/../../../../arm-none-eabi/lib/thumb/v7e-m+fp/hard\libc_nano.a(libc_a-fstatr.o)
                0x08010c1c                _fstat_r
 .text._isatty_r
                0x08010c40       0x20 C:/ST/STM32CubeIDE_1.17.0/STM32CubeIDE/plugins/com.st.stm32cube.ide.mcu.externaltools.gnu-tools-for-stm32.12.3.rel1.win32_1.1.0.202410251130/tools/bin/../lib/gcc/arm-none-eabi/12.3.1/../../../../arm-none-eabi/lib/thumb/v7e-m+fp/hard\libc_nano.a(libc_a-isattyr.o)
                0x08010c40                _isatty_r
 .text._sbrk_r  0x08010c60       0x20 C:/ST/STM32CubeIDE_1.17.0/STM32CubeIDE/plugins/com.st.stm32cube.ide.mcu.externaltools.gnu-tools-for-stm32.12.3.rel1.win32_1.1.0.202410251130/tools/bin/../lib/gcc/arm-none-eabi/12.3.1/../../../../arm-none-eabi/lib/thumb/v7e-m+fp/hard\libc_nano.a(libc_a-sbrkr.o)
                0x08010c60                _sbrk_r
 .text.memcpy   0x08010c80       0x1c C:/ST/STM32CubeIDE_1.17.0/STM32CubeIDE/plugins/com.st.stm32cube.ide.mcu.externaltools.gnu-tools-for-stm32.12.3.rel1.win32_1.1.0.202410251130/tools/bin/../lib/gcc/arm-none-eabi/12.3.1/../../../../arm-none-eabi/lib/thumb/v7e-m+fp/hard\libc_nano.a(libc_a-memcpy-stub.o)
                0x08010c80                memcpy
 .text.__assert_func
                0x08010c9c       0x3c C:/ST/STM32CubeIDE_1.17.0/STM32CubeIDE/plugins/com.st.stm32cube.ide.mcu.externaltools.gnu-tools-for-stm32.12.3.rel1.win32_1.1.0.202410251130/tools/bin/../lib/gcc/arm-none-eabi/12.3.1/../../../../arm-none-eabi/lib/thumb/v7e-m+fp/hard\libc_nano.a(libc_a-assert.o)
                0x08010c9c                __assert_func
 .text._calloc_r
                0x08010cd8       0x28 C:/ST/STM32CubeIDE_1.17.0/STM32CubeIDE/plugins/com.st.stm32cube.ide.mcu.externaltools.gnu-tools-for-stm32.12.3.rel1.win32_1.1.0.202410251130/tools/bin/../lib/gcc/arm-none-eabi/12.3.1/../../../../arm-none-eabi/lib/thumb/v7e-m+fp/hard\libc_nano.a(libc_a-callocr.o)
                0x08010cd8                _calloc_r
 .text.__ascii_mbtowc
                0x08010d00       0x24 C:/ST/STM32CubeIDE_1.17.0/STM32CubeIDE/plugins/com.st.stm32cube.ide.mcu.externaltools.gnu-tools-for-stm32.12.3.rel1.win32_1.1.0.202410251130/tools/bin/../lib/gcc/arm-none-eabi/12.3.1/../../../../arm-none-eabi/lib/thumb/v7e-m+fp/hard\libc_nano.a(libc_a-mbtowc_r.o)
                0x08010d00                __ascii_mbtowc
 .text.__ascii_wctomb
                0x08010d24       0x1a C:/ST/STM32CubeIDE_1.17.0/STM32CubeIDE/plugins/com.st.stm32cube.ide.mcu.externaltools.gnu-tools-for-stm32.12.3.rel1.win32_1.1.0.202410251130/tools/bin/../lib/gcc/arm-none-eabi/12.3.1/../../../../arm-none-eabi/lib/thumb/v7e-m+fp/hard\libc_nano.a(libc_a-wctomb_r.o)
                0x08010d24                __ascii_wctomb
 *fill*         0x08010d3e        0x2 
 .text.fprintf  0x08010d40       0x24 C:/ST/STM32CubeIDE_1.17.0/STM32CubeIDE/plugins/com.st.stm32cube.ide.mcu.externaltools.gnu-tools-for-stm32.12.3.rel1.win32_1.1.0.202410251130/tools/bin/../lib/gcc/arm-none-eabi/12.3.1/../../../../arm-none-eabi/lib/thumb/v7e-m+fp/hard\libc_nano.a(libc_a-fprintf.o)
                0x08010d40                fiprintf
                0x08010d40                fprintf
 .text.abort    0x08010d64        0xe C:/ST/STM32CubeIDE_1.17.0/STM32CubeIDE/plugins/com.st.stm32cube.ide.mcu.externaltools.gnu-tools-for-stm32.12.3.rel1.win32_1.1.0.202410251130/tools/bin/../lib/gcc/arm-none-eabi/12.3.1/../../../../arm-none-eabi/lib/thumb/v7e-m+fp/hard\libc_nano.a(libc_a-abort.o)
                0x08010d64                abort
 .text._raise_r
                0x08010d72       0x50 C:/ST/STM32CubeIDE_1.17.0/STM32CubeIDE/plugins/com.st.stm32cube.ide.mcu.externaltools.gnu-tools-for-stm32.12.3.rel1.win32_1.1.0.202410251130/tools/bin/../lib/gcc/arm-none-eabi/12.3.1/../../../../arm-none-eabi/lib/thumb/v7e-m+fp/hard\libc_nano.a(libc_a-signal.o)
                0x08010d72                _raise_r
 *fill*         0x08010dc2        0x2 
 .text.raise    0x08010dc4       0x10 C:/ST/STM32CubeIDE_1.17.0/STM32CubeIDE/plugins/com.st.stm32cube.ide.mcu.externaltools.gnu-tools-for-stm32.12.3.rel1.win32_1.1.0.202410251130/tools/bin/../lib/gcc/arm-none-eabi/12.3.1/../../../../arm-none-eabi/lib/thumb/v7e-m+fp/hard\libc_nano.a(libc_a-signal.o)
                0x08010dc4                raise
 .text._kill_r  0x08010dd4       0x24 C:/ST/STM32CubeIDE_1.17.0/STM32CubeIDE/plugins/com.st.stm32cube.ide.mcu.externaltools.gnu-tools-for-stm32.12.3.rel1.win32_1.1.0.202410251130/tools/bin/../lib/gcc/arm-none-eabi/12.3.1/../../../../arm-none-eabi/lib/thumb/v7e-m+fp/hard\libc_nano.a(libc_a-signalr.o)
                0x08010dd4                _kill_r
 .text._getpid_r
                0x08010df8        0x4 C:/ST/STM32CubeIDE_1.17.0/STM32CubeIDE/plugins/com.st.stm32cube.ide.mcu.externaltools.gnu-tools-for-stm32.12.3.rel1.win32_1.1.0.202410251130/tools/bin/../lib/gcc/arm-none-eabi/12.3.1/../../../../arm-none-eabi/lib/thumb/v7e-m+fp/hard\libc_nano.a(libc_a-signalr.o)
                0x08010df8                _getpid_r
 *(.glue_7)
 .glue_7        0x08010dfc        0x0 linker stubs
 *(.glue_7t)
 .glue_7t       0x08010dfc        0x0 linker stubs
 *(.eh_frame)
 .eh_frame      0x08010dfc        0x0 C:/ST/STM32CubeIDE_1.17.0/STM32CubeIDE/plugins/com.st.stm32cube.ide.mcu.externaltools.gnu-tools-for-stm32.12.3.rel1.win32_1.1.0.202410251130/tools/bin/../lib/gcc/arm-none-eabi/12.3.1/thumb/v7e-m+fp/hard/crtbegin.o
 *(.init)
 .init          0x08010dfc        0x4 C:/ST/STM32CubeIDE_1.17.0/STM32CubeIDE/plugins/com.st.stm32cube.ide.mcu.externaltools.gnu-tools-for-stm32.12.3.rel1.win32_1.1.0.202410251130/tools/bin/../lib/gcc/arm-none-eabi/12.3.1/thumb/v7e-m+fp/hard/crti.o
                0x08010dfc                _init
 .init          0x08010e00        0x8 C:/ST/STM32CubeIDE_1.17.0/STM32CubeIDE/plugins/com.st.stm32cube.ide.mcu.externaltools.gnu-tools-for-stm32.12.3.rel1.win32_1.1.0.202410251130/tools/bin/../lib/gcc/arm-none-eabi/12.3.1/thumb/v7e-m+fp/hard/crtn.o
 *(.fini)
 .fini          0x08010e08        0x4 C:/ST/STM32CubeIDE_1.17.0/STM32CubeIDE/plugins/com.st.stm32cube.ide.mcu.externaltools.gnu-tools-for-stm32.12.3.rel1.win32_1.1.0.202410251130/tools/bin/../lib/gcc/arm-none-eabi/12.3.1/thumb/v7e-m+fp/hard/crti.o
                0x08010e08                _fini
 .fini          0x08010e0c        0x8 C:/ST/STM32CubeIDE_1.17.0/STM32CubeIDE/plugins/com.st.stm32cube.ide.mcu.externaltools.gnu-tools-for-stm32.12.3.rel1.win32_1.1.0.202410251130/tools/bin/../lib/gcc/arm-none-eabi/12.3.1/thumb/v7e-m+fp/hard/crtn.o
                0x08010e14                        . = ALIGN (0x4)
                0x08010e14                        _etext = .

.vfp11_veneer   0x08010e14        0x0
 .vfp11_veneer  0x08010e14        0x0 linker stubs

.v4_bx          0x08010e14        0x0
 .v4_bx         0x08010e14        0x0 linker stubs

.iplt           0x08010e14        0x0
 .iplt          0x08010e14        0x0 C:/ST/STM32CubeIDE_1.17.0/STM32CubeIDE/plugins/com.st.stm32cube.ide.mcu.externaltools.gnu-tools-for-stm32.12.3.rel1.win32_1.1.0.202410251130/tools/bin/../lib/gcc/arm-none-eabi/12.3.1/thumb/v7e-m+fp/hard/crtbegin.o

.rodata         0x08010e18      0x828
                0x08010e18                        . = ALIGN (0x4)
 *(.rodata)
 .rodata        0x08010e18      0x2ac ./Core/Src/main.o
 .rodata        0x080110c4       0xf6 ./Drivers/wave_audio/waverecorder.o
 *fill*         0x080111ba        0x2 
 .rodata        0x080111bc       0x44 ./Middlewares/Third_Party/FatFs/src/ff.o
 *(.rodata*)
 .rodata.AHBPrescTable
                0x08011200       0x10 ./Core/Src/system_stm32f7xx.o
                0x08011200                AHBPrescTable
 .rodata.APBPrescTable
                0x08011210        0x8 ./Core/Src/system_stm32f7xx.o
                0x08011210                APBPrescTable
 .rodata.flagBitshiftOffset.0
                0x08011218        0x8 ./Drivers/STM32F7xx_HAL_Driver/Src/stm32f7xx_hal_dma.o
 .rodata.SD_Driver
                0x08011220       0x14 ./FATFS/Target/sd_diskio.o
                0x08011220                SD_Driver
 .rodata.ExCvt  0x08011234       0x80 ./Middlewares/Third_Party/FatFs/src/ff.o
 .rodata.cst32.1
                0x080112b4        0xe ./Middlewares/Third_Party/FatFs/src/ff.o
 *fill*         0x080112c2        0x2 
 .rodata.cst.0  0x080112c4        0xe ./Middlewares/Third_Party/FatFs/src/ff.o
 .rodata._printf_float.str1.1
                0x080112d2       0x12 C:/ST/STM32CubeIDE_1.17.0/STM32CubeIDE/plugins/com.st.stm32cube.ide.mcu.externaltools.gnu-tools-for-stm32.12.3.rel1.win32_1.1.0.202410251130/tools/bin/../lib/gcc/arm-none-eabi/12.3.1/../../../../arm-none-eabi/lib/thumb/v7e-m+fp/hard\libc_nano.a(libc_a-nano-vfprintf_float.o)
 .rodata._printf_i.str1.1
                0x080112e4       0x22 C:/ST/STM32CubeIDE_1.17.0/STM32CubeIDE/plugins/com.st.stm32cube.ide.mcu.externaltools.gnu-tools-for-stm32.12.3.rel1.win32_1.1.0.202410251130/tools/bin/../lib/gcc/arm-none-eabi/12.3.1/../../../../arm-none-eabi/lib/thumb/v7e-m+fp/hard\libc_nano.a(libc_a-nano-vfprintf_i.o)
 .rodata._dtoa_r.str1.1
                0x08011306       0x8d C:/ST/STM32CubeIDE_1.17.0/STM32CubeIDE/plugins/com.st.stm32cube.ide.mcu.externaltools.gnu-tools-for-stm32.12.3.rel1.win32_1.1.0.202410251130/tools/bin/../lib/gcc/arm-none-eabi/12.3.1/../../../../arm-none-eabi/lib/thumb/v7e-m+fp/hard\libc_nano.a(libc_a-dtoa.o)
                                 0x8f (size before relaxing)
 .rodata._Balloc.str1.1
                0x08011393       0x59 C:/ST/STM32CubeIDE_1.17.0/STM32CubeIDE/plugins/com.st.stm32cube.ide.mcu.externaltools.gnu-tools-for-stm32.12.3.rel1.win32_1.1.0.202410251130/tools/bin/../lib/gcc/arm-none-eabi/12.3.1/../../../../arm-none-eabi/lib/thumb/v7e-m+fp/hard\libc_nano.a(libc_a-mprec.o)
                                 0x70 (size before relaxing)
 .rodata.__multadd.str1.1
                0x080113ec       0x11 C:/ST/STM32CubeIDE_1.17.0/STM32CubeIDE/plugins/com.st.stm32cube.ide.mcu.externaltools.gnu-tools-for-stm32.12.3.rel1.win32_1.1.0.202410251130/tools/bin/../lib/gcc/arm-none-eabi/12.3.1/../../../../arm-none-eabi/lib/thumb/v7e-m+fp/hard\libc_nano.a(libc_a-mprec.o)
 .rodata.p05.0  0x080113ec        0xc C:/ST/STM32CubeIDE_1.17.0/STM32CubeIDE/plugins/com.st.stm32cube.ide.mcu.externaltools.gnu-tools-for-stm32.12.3.rel1.win32_1.1.0.202410251130/tools/bin/../lib/gcc/arm-none-eabi/12.3.1/../../../../arm-none-eabi/lib/thumb/v7e-m+fp/hard\libc_nano.a(libc_a-mprec.o)
 .rodata.__mprec_bigtens