../Core/Src/main.c:106:5:main	8	static
../Core/Src/main.c:195:6:SystemClock_Config	88	static
../Core/Src/main.c:247:1:__io_putchar	16	static
../Core/Src/main.c:259:6:HAL_GPIO_EXTI_Callback	16	static
../Core/Src/main.c:274:6:check_button_release	8	static
../Core/Src/main.c:280:6:SDCard_InitAndFormat	24	static
../Core/Src/main.c:319:6:SDCARD_Init	16	static
../Core/Src/main.c:333:6:new_log	32	static
../Core/Src/main.c:358:6:new_folder	16	static
../Core/Src/main.c:377:6:Error_Handler	4	static,ignoring_inline_asm
