../Drivers/CMSIS/Include/core_cm7.h:2229:22:SCB_EnableICache	4	static,ignoring_inline_asm
../Drivers/CMSIS/Include/core_cm7.h:2248:22:SCB_DisableICache	4	static,ignoring_inline_asm
../Drivers/CMSIS/Include/core_cm7.h:2281:22:SCB_EnableDCache	24	static,ignoring_inline_asm
../Drivers/CMSIS/Include/core_cm7.h:2319:22:SCB_DisableDCache	24	static,ignoring_inline_asm
../Core/Src/main.c:167:5:main	2784	static
../Core/Src/main.c:472:6:SystemClock_Config	88	static
../Core/Src/main.c:524:1:__io_putchar	16	static
../Core/Src/main.c:535:6:HAL_GPIO_EXTI_Callback	16	static
../Core/Src/main.c:549:6:check_button_release	8	static
../Core/Src/main.c:556:6:SDCard_InitAndFormat	24	static
../Core/Src/main.c:584:5:read_wav_file	584	static
../Core/Src/main.c:611:6:arm_hanning_f32	32	static
../Core/Src/main.c:624:13:AI_Init	16	static
../Core/Src/main.c:641:13:AI_Run	24	static
../Core/Src/main.c:659:17:argmax	32	static
../Core/Src/main.c:673:6:softmax	48	static
../Core/Src/main.c:696:6:HAL_GPIO_send_command	16	static
../Core/Src/main.c:752:6:Error_Handler	4	static,ignoring_inline_asm
