../Drivers/CMSIS/Include/core_cm7.h:2229:22:SCB_EnableICache	4	static,ignoring_inline_asm
../Drivers/CMSIS/Include/core_cm7.h:2248:22:SCB_DisableICache	4	static,ignoring_inline_asm
../Drivers/CMSIS/Include/core_cm7.h:2281:22:SCB_EnableDCache	24	static,ignoring_inline_asm
../Drivers/CMSIS/Include/core_cm7.h:2319:22:SCB_DisableDCache	24	static,ignoring_inline_asm
../Core/Src/main.c:167:5:main	1144	static
../Core/Src/main.c:428:6:SystemClock_Config	88	static
../Core/Src/main.c:480:1:__io_putchar	16	static
../Core/Src/main.c:492:6:HAL_GPIO_EXTI_Callback	16	static
../Core/Src/main.c:507:6:check_button_release	8	static
../Core/Src/main.c:515:6:SDCard_InitAndFormat	24	static
../Core/Src/main.c:545:6:new_log	32	static
../Core/Src/main.c:570:6:new_folder	16	static
../Core/Src/main.c:584:6:ReadWAVFileInfo_fromSD	632	static
../Core/Src/main.c:631:6:ReadWAVFileInfo	632	static
../Core/Src/main.c:676:5:read_wav_file	584	static
../Core/Src/main.c:702:6:arm_hanning_f32	32	static
../Core/Src/main.c:714:13:AI_Init	16	static
../Core/Src/main.c:731:13:AI_Run	24	static
../Core/Src/main.c:748:17:argmax	32	static
../Core/Src/main.c:767:6:Error_Handler	4	static,ignoring_inline_asm
