../Drivers/CMSIS/Include/core_cm7.h:2229:22:SCB_EnableICache	4	static,ignoring_inline_asm
../Drivers/CMSIS/Include/core_cm7.h:2248:22:SCB_DisableICache	4	static,ignoring_inline_asm
../Drivers/CMSIS/Include/core_cm7.h:2281:22:SCB_EnableDCache	24	static,ignoring_inline_asm
../Drivers/CMSIS/Include/core_cm7.h:2319:22:SCB_DisableDCache	24	static,ignoring_inline_asm
../Core/Src/main.c:184:7:AI_Init	88	static
../Core/Src/main.c:154:5:main	132400	static
../Core/Src/main.c:219:6:AI_Process	48	static
../Core/Src/main.c:449:6:SystemClock_Config	88	static
../Core/Src/main.c:501:1:__io_putchar	16	static
../Core/Src/main.c:513:6:HAL_GPIO_EXTI_Callback	16	static
../Core/Src/main.c:528:6:check_button_release	8	static
../Core/Src/main.c:536:6:SDCard_InitAndFormat	24	static
../Core/Src/main.c:566:6:new_log	32	static
../Core/Src/main.c:591:6:new_folder	16	static
../Core/Src/main.c:605:6:ReadWAVFileInfo_fromSD	632	static
../Core/Src/main.c:652:6:ReadWAVFileInfo	632	static
../Core/Src/main.c:697:5:read_wav_file	584	static
../Core/Src/main.c:723:6:arm_hanning_f32	32	static
../Core/Src/main.c:741:6:Error_Handler	4	static,ignoring_inline_asm
