../Drivers/CMSIS/Include/core_cm7.h:2229:22:SCB_EnableICache	4	static,ignoring_inline_asm
../Drivers/CMSIS/Include/core_cm7.h:2248:22:SCB_DisableICache	4	static,ignoring_inline_asm
../Drivers/CMSIS/Include/core_cm7.h:2281:22:SCB_EnableDCache	24	static,ignoring_inline_asm
../Drivers/CMSIS/Include/core_cm7.h:2319:22:SCB_DisableDCache	24	static,ignoring_inline_asm
../Core/Src/main.c:170:5:main	2712	static
../Core/Src/main.c:463:6:SystemClock_Config	88	static
../Core/Src/main.c:515:1:__io_putchar	16	static
../Core/Src/main.c:527:6:HAL_GPIO_EXTI_Callback	16	static
../Core/Src/main.c:542:6:check_button_release	8	static
../Core/Src/main.c:550:6:SDCard_InitAndFormat	24	static
../Core/Src/main.c:580:6:new_log	32	static
../Core/Src/main.c:605:6:new_folder	16	static
../Core/Src/main.c:619:6:ReadWAVFileInfo_fromSD	632	static
../Core/Src/main.c:666:6:ReadWAVFileInfo	632	static
../Core/Src/main.c:711:5:read_wav_file	584	static
../Core/Src/main.c:737:6:arm_hanning_f32	32	static
../Core/Src/main.c:749:13:AI_Init	16	static
../Core/Src/main.c:766:13:AI_Run	24	static
../Core/Src/main.c:783:17:argmax	32	static
../Core/Src/main.c:796:6:softmax	48	static
../Core/Src/main.c:828:6:Error_Handler	4	static,ignoring_inline_asm
