../Drivers/CMSIS/Include/core_cm7.h:2229:22:SCB_EnableICache	4	static,ignoring_inline_asm
../Drivers/CMSIS/Include/core_cm7.h:2248:22:SCB_DisableICache	4	static,ignoring_inline_asm
../Drivers/CMSIS/Include/core_cm7.h:2281:22:SCB_EnableDCache	24	static,ignoring_inline_asm
../Drivers/CMSIS/Include/core_cm7.h:2319:22:SCB_DisableDCache	24	static,ignoring_inline_asm
../Core/Src/main.c:163:5:main	1128	static
../Core/Src/main.c:374:6:SystemClock_Config	88	static
../Core/Src/main.c:426:1:__io_putchar	16	static
../Core/Src/main.c:438:6:HAL_GPIO_EXTI_Callback	16	static
../Core/Src/main.c:453:6:check_button_release	8	static
../Core/Src/main.c:461:6:SDCard_InitAndFormat	24	static
../Core/Src/main.c:491:6:new_log	32	static
../Core/Src/main.c:516:6:new_folder	16	static
../Core/Src/main.c:530:6:ReadWAVFileInfo_fromSD	632	static
../Core/Src/main.c:577:6:ReadWAVFileInfo	632	static
../Core/Src/main.c:622:5:read_wav_file	584	static
../Core/Src/main.c:648:6:arm_hanning_f32	32	static
../Core/Src/main.c:660:13:AI_Init	16	static
../Core/Src/main.c:677:13:AI_Run	24	static
../Core/Src/main.c:694:17:argmax	32	static
../Core/Src/main.c:713:6:Error_Handler	4	static,ignoring_inline_asm
