../Drivers/CMSIS/Include/core_cm7.h:2229:22:SCB_EnableICache	4	static,ignoring_inline_asm
../Drivers/CMSIS/Include/core_cm7.h:2281:22:SCB_EnableDCache	24	static,ignoring_inline_asm
../Core/Src/main.c:137:5:main	8	static
../Core/Src/main.c:237:6:SystemClock_Config	88	static
../Core/Src/main.c:289:1:__io_putchar	16	static
../Core/Src/main.c:301:6:HAL_GPIO_EXTI_Callback	16	static
../Core/Src/main.c:316:6:check_button_release	8	static
../Core/Src/main.c:324:6:SDCard_InitAndFormat	24	static
../Core/Src/main.c:356:6:new_log	32	static
../Core/Src/main.c:381:6:new_folder	16	static
../Core/Src/main.c:395:6:ReadWAVFileInfo	632	static
../Core/Src/main.c:441:6:Error_Handler	4	static,ignoring_inline_asm
