../Drivers/CMSIS/Include/core_cm7.h:2229:22:SCB_EnableICache	4	static,ignoring_inline_asm
../Drivers/CMSIS/Include/core_cm7.h:2248:22:SCB_DisableICache	4	static,ignoring_inline_asm
../Drivers/CMSIS/Include/core_cm7.h:2281:22:SCB_EnableDCache	24	static,ignoring_inline_asm
../Drivers/CMSIS/Include/core_cm7.h:2319:22:SCB_DisableDCache	24	static,ignoring_inline_asm
../Core/Src/main.c:191:7:AI_Init	88	static
../Core/Src/main.c:161:5:main	131296	static
../Core/Src/main.c:368:6:SystemClock_Config	88	static
../Core/Src/main.c:420:1:__io_putchar	16	static
../Core/Src/main.c:432:6:HAL_GPIO_EXTI_Callback	16	static
../Core/Src/main.c:447:6:check_button_release	8	static
../Core/Src/main.c:455:6:SDCard_InitAndFormat	24	static
../Core/Src/main.c:485:6:new_log	32	static
../Core/Src/main.c:510:6:new_folder	16	static
../Core/Src/main.c:524:6:ReadWAVFileInfo_fromSD	632	static
../Core/Src/main.c:571:6:ReadWAVFileInfo	632	static
../Core/Src/main.c:616:5:read_wav_file	584	static
../Core/Src/main.c:642:6:arm_hanning_f32	32	static
../Core/Src/main.c:660:6:Error_Handler	4	static,ignoring_inline_asm
