../Core/Src/main.c:124:5:main	8	static
../Core/Src/main.c:216:6:SystemClock_Config	88	static
../Core/Src/main.c:268:1:__io_putchar	16	static
../Core/Src/main.c:280:6:HAL_GPIO_EXTI_Callback	16	static
../Core/Src/main.c:295:6:check_button_release	8	static
../Core/Src/main.c:303:6:SDCard_InitAndFormat	24	static
../Core/Src/main.c:335:6:new_log	32	static
../Core/Src/main.c:360:6:new_folder	16	static
../Core/Src/main.c:374:6:ReadWAVFileInfo	632	static
../Core/Src/main.c:420:6:Error_Handler	4	static,ignoring_inline_asm
