../Drivers/CMSIS/Include/core_cm7.h:2229:22:SCB_EnableICache	4	static,ignoring_inline_asm
../Drivers/CMSIS/Include/core_cm7.h:2281:22:SCB_EnableDCache	24	static,ignoring_inline_asm
../Core/Src/main.c:186:7:AI_Init	88	static
../Core/Src/main.c:156:5:main	131304	static
../Core/Src/main.c:221:6:AI_Process	48	static
../Core/Src/main.c:364:6:SystemClock_Config	88	static
../Core/Src/main.c:416:1:__io_putchar	16	static
../Core/Src/main.c:428:6:HAL_GPIO_EXTI_Callback	16	static
../Core/Src/main.c:443:6:check_button_release	8	static
../Core/Src/main.c:451:6:SDCard_InitAndFormat	24	static
../Core/Src/main.c:481:6:new_log	32	static
../Core/Src/main.c:506:6:new_folder	16	static
../Core/Src/main.c:520:6:ReadWAVFileInfo_fromSD	632	static
../Core/Src/main.c:567:6:ReadWAVFileInfo	632	static
../Core/Src/main.c:606:5:read_wav_file	632	static
../Core/Src/main.c:645:6:normalize_audio	32	static
../Core/Src/main.c:651:6:apply_fft	64	static
../Core/Src/main.c:663:6:calculate_mel_spectrogram	32	static
../Core/Src/main.c:672:6:prepare_ai_model_input	32	static
../Core/Src/main.c:682:5:preprocess_wav_data	2744	static
../Core/Src/main.c:718:6:Error_Handler	4	static,ignoring_inline_asm
