../Drivers/CMSIS/Include/core_cm7.h:2229:22:SCB_EnableICache	4	static,ignoring_inline_asm
../Drivers/CMSIS/Include/core_cm7.h:2281:22:SCB_EnableDCache	24	static,ignoring_inline_asm
../Core/Src/main.c:185:7:AI_Init	88	static
../Core/Src/main.c:155:5:main	131296	static
../Core/Src/main.c:357:6:SystemClock_Config	88	static
../Core/Src/main.c:409:1:__io_putchar	16	static
../Core/Src/main.c:421:6:HAL_GPIO_EXTI_Callback	16	static
../Core/Src/main.c:436:6:check_button_release	8	static
../Core/Src/main.c:444:6:SDCard_InitAndFormat	24	static
../Core/Src/main.c:474:6:new_log	32	static
../Core/Src/main.c:499:6:new_folder	16	static
../Core/Src/main.c:513:6:ReadWAVFileInfo_fromSD	632	static
../Core/Src/main.c:560:6:ReadWAVFileInfo	632	static
../Core/Src/main.c:599:5:read_wav_file	632	static
../Core/Src/main.c:638:6:normalize_audio	32	static
../Core/Src/main.c:644:6:apply_fft	64	static
../Core/Src/main.c:656:6:calculate_mel_spectrogram	32	static
../Core/Src/main.c:665:6:prepare_ai_model_input	32	static
../Core/Src/main.c:675:5:preprocess_wav_data	2744	static
../Core/Src/main.c:711:6:Error_Handler	4	static,ignoring_inline_asm
