../Drivers/CMSIS/Include/core_cm7.h:2229:22:SCB_EnableICache	4	static,ignoring_inline_asm
../Drivers/CMSIS/Include/core_cm7.h:2281:22:SCB_EnableDCache	24	static,ignoring_inline_asm
../Core/Src/main.c:177:7:AI_Init	88	static
../Core/Src/main.c:147:5:main	131296	static
../Core/Src/main.c:335:6:SystemClock_Config	88	static
../Core/Src/main.c:387:1:__io_putchar	16	static
../Core/Src/main.c:399:6:HAL_GPIO_EXTI_Callback	16	static
../Core/Src/main.c:414:6:check_button_release	8	static
../Core/Src/main.c:422:6:SDCard_InitAndFormat	24	static
../Core/Src/main.c:452:6:new_log	32	static
../Core/Src/main.c:477:6:new_folder	16	static
../Core/Src/main.c:491:6:ReadWAVFileInfo	632	static
../Core/Src/main.c:601:6:Error_Handler	4	static,ignoring_inline_asm
