../Drivers/CMSIS/Include/core_cm7.h:2229:22:SCB_EnableICache	4	static,ignoring_inline_asm
../Drivers/CMSIS/Include/core_cm7.h:2281:22:SCB_EnableDCache	24	static,ignoring_inline_asm
../Core/Src/main.c:122:5:main	8	static
../Core/Src/main.c:222:6:SystemClock_Config	88	static
../Core/Src/main.c:274:1:__io_putchar	16	static
../Core/Src/main.c:286:6:HAL_GPIO_EXTI_Callback	16	static
../Core/Src/main.c:301:6:check_button_release	8	static
../Core/Src/main.c:309:6:SDCard_InitAndFormat	24	static
../Core/Src/main.c:341:6:new_log	32	static
../Core/Src/main.c:366:6:new_folder	16	static
../Core/Src/main.c:380:6:ReadWAVFileInfo	632	static
../Core/Src/main.c:426:6:Error_Handler	4	static,ignoring_inline_asm
