../Drivers/CMSIS/Include/core_cm7.h:2229:22:SCB_EnableICache	4	static,ignoring_inline_asm
../Drivers/CMSIS/Include/core_cm7.h:2248:22:SCB_DisableICache	4	static,ignoring_inline_asm
../Drivers/CMSIS/Include/core_cm7.h:2281:22:SCB_EnableDCache	24	static,ignoring_inline_asm
../Drivers/CMSIS/Include/core_cm7.h:2319:22:SCB_DisableDCache	24	static,ignoring_inline_asm
../Core/Src/main.c:162:5:main	2184	static
../Core/Src/main.c:412:6:SystemClock_Config	88	static
../Core/Src/main.c:464:1:__io_putchar	16	static
../Core/Src/main.c:476:6:HAL_GPIO_EXTI_Callback	16	static
../Core/Src/main.c:491:6:check_button_release	8	static
../Core/Src/main.c:499:6:SDCard_InitAndFormat	24	static
../Core/Src/main.c:529:6:new_log	32	static
../Core/Src/main.c:554:6:new_folder	16	static
../Core/Src/main.c:568:6:ReadWAVFileInfo_fromSD	632	static
../Core/Src/main.c:615:6:ReadWAVFileInfo	632	static
../Core/Src/main.c:660:5:read_wav_file	584	static
../Core/Src/main.c:686:6:arm_hanning_f32	32	static
../Core/Src/main.c:698:13:AI_Init	16	static
../Core/Src/main.c:715:13:AI_Run	24	static
../Core/Src/main.c:732:17:argmax	32	static
../Core/Src/main.c:751:6:Error_Handler	4	static,ignoring_inline_asm
