../Drivers/CMSIS/Include/core_cm7.h:2229:22:SCB_EnableICache	4	static,ignoring_inline_asm
../Drivers/CMSIS/Include/core_cm7.h:2248:22:SCB_DisableICache	4	static,ignoring_inline_asm
../Drivers/CMSIS/Include/core_cm7.h:2281:22:SCB_EnableDCache	24	static,ignoring_inline_asm
../Drivers/CMSIS/Include/core_cm7.h:2319:22:SCB_DisableDCache	24	static,ignoring_inline_asm
../Core/Src/main.c:170:5:main	2712	static
../Core/Src/main.c:475:6:SystemClock_Config	88	static
../Core/Src/main.c:527:1:__io_putchar	16	static
../Core/Src/main.c:539:6:HAL_GPIO_EXTI_Callback	16	static
../Core/Src/main.c:554:6:check_button_release	8	static
../Core/Src/main.c:562:6:SDCard_InitAndFormat	24	static
../Core/Src/main.c:592:6:new_log	32	static
../Core/Src/main.c:617:6:new_folder	16	static
../Core/Src/main.c:631:6:ReadWAVFileInfo_fromSD	632	static
../Core/Src/main.c:678:6:ReadWAVFileInfo	632	static
../Core/Src/main.c:723:5:read_wav_file	584	static
../Core/Src/main.c:749:6:arm_hanning_f32	32	static
../Core/Src/main.c:761:13:AI_Init	16	static
../Core/Src/main.c:778:13:AI_Run	24	static
../Core/Src/main.c:795:17:argmax	32	static
../Core/Src/main.c:808:6:softmax	48	static
../Core/Src/main.c:840:6:Error_Handler	4	static,ignoring_inline_asm
