../Drivers/nrf24L01/MY_NRF24.c:49:6:NRF24_DelayMicroSeconds	24	static
../Drivers/nrf24L01/MY_NRF24.c:57:6:NRF24_csn	16	static
../Drivers/nrf24L01/MY_NRF24.c:63:6:NRF24_ce	16	static
../Drivers/nrf24L01/MY_NRF24.c:69:9:NRF24_read_register	24	static
../Drivers/nrf24L01/MY_NRF24.c:86:6:NRF24_read_registerN	24	static
../Drivers/nrf24L01/MY_NRF24.c:101:6:NRF24_write_register	24	static
../Drivers/nrf24L01/MY_NRF24.c:114:6:NRF24_write_registerN	24	static
../Drivers/nrf24L01/MY_NRF24.c:127:6:NRF24_write_payload	24	static
../Drivers/nrf24L01/MY_NRF24.c:140:6:NRF24_read_payload	24	static
../Drivers/nrf24L01/MY_NRF24.c:154:6:NRF24_flush_tx	8	static
../Drivers/nrf24L01/MY_NRF24.c:159:6:NRF24_flush_rx	8	static
../Drivers/nrf24L01/MY_NRF24.c:164:9:NRF24_get_status	16	static
../Drivers/nrf24L01/MY_NRF24.c:172:6:NRF24_begin	24	static
../Drivers/nrf24L01/MY_NRF24.c:245:6:NRF24_startListening	8	static
../Drivers/nrf24L01/MY_NRF24.c:262:6:NRF24_stopListening	8	static
../Drivers/nrf24L01/MY_NRF24.c:269:6:NRF24_write	32	static
../Drivers/nrf24L01/MY_NRF24.c:307:6:NRF24_available	8	static
../Drivers/nrf24L01/MY_NRF24.c:312:6:NRF24_read	24	static
../Drivers/nrf24L01/MY_NRF24.c:321:6:NRF24_openWritingPipe	24	static
../Drivers/nrf24L01/MY_NRF24.c:330:6:NRF24_openReadingPipe	24	static
../Drivers/nrf24L01/MY_NRF24.c:354:6:NRF24_setRetries	16	static
../Drivers/nrf24L01/MY_NRF24.c:360:6:NRF24_setChannel	24	static
../Drivers/nrf24L01/MY_NRF24.c:366:6:NRF24_setPayloadSize	24	static
../Drivers/nrf24L01/MY_NRF24.c:372:9:NRF24_getPayloadSize	4	static
../Drivers/nrf24L01/MY_NRF24.c:377:9:NRF24_getDynamicPayloadSize	8	static
../Drivers/nrf24L01/MY_NRF24.c:382:6:NRF24_enableAckPayload	8	static
../Drivers/nrf24L01/MY_NRF24.c:395:6:NRF24_enableDynamicPayloads	8	static
../Drivers/nrf24L01/MY_NRF24.c:409:6:NRF24_disableDynamicPayloads	8	static
../Drivers/nrf24L01/MY_NRF24.c:417:6:NRF24_isNRF_Plus	4	static
../Drivers/nrf24L01/MY_NRF24.c:422:6:NRF24_setAutoAck	16	static
../Drivers/nrf24L01/MY_NRF24.c:430:6:NRF24_setAutoAckPipe	24	static
../Drivers/nrf24L01/MY_NRF24.c:447:6:NRF24_setPALevel	24	static
../Drivers/nrf24L01/MY_NRF24.c:478:15:NRF24_getPALevel	16	static
../Drivers/nrf24L01/MY_NRF24.c:504:6:NRF24_setDataRate	24	static
../Drivers/nrf24L01/MY_NRF24.c:549:17:NRF24_getDataRate	16	static
../Drivers/nrf24L01/MY_NRF24.c:574:6:NRF24_setCRCLength	24	static
../Drivers/nrf24L01/MY_NRF24.c:595:18:NRF24_getCRCLength	16	static
../Drivers/nrf24L01/MY_NRF24.c:611:6:NRF24_disableCRC	16	static
../Drivers/nrf24L01/MY_NRF24.c:617:6:NRF24_powerUp	8	static
../Drivers/nrf24L01/MY_NRF24.c:622:6:NRF24_powerDown	8	static
../Drivers/nrf24L01/MY_NRF24.c:627:6:NRF24_availablePipe	24	static
../Drivers/nrf24L01/MY_NRF24.c:651:6:NRF24_startWrite	16	static
../Drivers/nrf24L01/MY_NRF24.c:668:6:NRF24_writeAckPayload	24	static
../Drivers/nrf24L01/MY_NRF24.c:679:6:NRF24_isAckPayloadAvailable	16	static
../Drivers/nrf24L01/MY_NRF24.c:686:6:NRF24_whatHappened	32	static
../Drivers/nrf24L01/MY_NRF24.c:697:6:NRF24_testCarrier	8	static
../Drivers/nrf24L01/MY_NRF24.c:702:6:NRF24_testRPD	8	static
../Drivers/nrf24L01/MY_NRF24.c:708:6:NRF24_resetStatus	8	static
../Drivers/nrf24L01/MY_NRF24.c:714:6:NRF24_ACTIVATE_cmd	16	static
../Drivers/nrf24L01/MY_NRF24.c:725:9:NRF24_GetAckPayloadSize	4	static
../Drivers/nrf24L01/MY_NRF24.c:730:6:printRadioSettings	152	static
../Drivers/nrf24L01/MY_NRF24.c:857:6:printStatusReg	136	static
../Drivers/nrf24L01/MY_NRF24.c:873:6:printConfigReg	112	static
../Drivers/nrf24L01/MY_NRF24.c:891:6:nrf24_DebugUART_Init	8	static
../Drivers/nrf24L01/MY_NRF24.c:896:6:printFIFOstatus	128	static
